Component: ARM Compiler 6.16 Tool: armlink [5dfeaa00]

==============================================================================

Section Cross References

    main.o(.text.main) refers to my_lib.o(.text.SystemCoreClockConfigure) for SystemCoreClockConfigure
    main.o(.text.main) refers to system_stm32f10x.o(.text.SystemCoreClockUpdate) for SystemCoreClockUpdate
    main.o(.text.main) refers to i2c.o(.text.I2C1_Init) for I2C1_Init
    main.o(.text.main) refers to i2c.o(.text.DMA_I2C_Init) for DMA_I2C_Init
    main.o(.text.main) refers to i2c.o(.text.LM75A_Init) for LM75A_Init
    main.o(.text.main) refers to i2c.o(.text.LM75A_SP_Write) for LM75A_SP_Write
    main.o(.text.main) refers to adc.o(.text.ADC_Init) for ADC_Init
    main.o(.text.main) refers to adc.o(.text.TIM2_Init) for TIM2_Init
    main.o(.text.main) refers to ds18b20.o(.text.ds18b20) for ds18b20
    main.o(.text.main) refers to i2c.o(.text.TIM4_Init) for TIM4_Init
    main.o(.text.main) refers to spi.o(.text.SPI1_Init) for SPI1_Init
    main.o(.text.main) refers to usart.o(.text.USART_init) for USART_init
    main.o(.text.main) refers to usart.o(.text.DMI_init) for DMI_init
    main.o(.ARM.exidx.text.main) refers to main.o(.text.main) for [Anonymous Symbol]
    my_lib.o(.ARM.exidx.text.SystemCoreClockConfigure) refers to my_lib.o(.text.SystemCoreClockConfigure) for [Anonymous Symbol]
    my_lib.o(.ARM.exidx.text.GPIO_Init) refers to my_lib.o(.text.GPIO_Init) for [Anonymous Symbol]
    interrupt.o(.text.TIM4_IRQHandler) refers to i2c.o(.text.LM75A_T_READ) for LM75A_T_READ
    interrupt.o(.text.TIM4_IRQHandler) refers to ds18b20.o(.text.convert) for convert
    interrupt.o(.text.TIM4_IRQHandler) refers to ds18b20.o(.text.read_T) for read_T
    interrupt.o(.text.TIM4_IRQHandler) refers to interrupt.o(.bss.ptr) for ptr
    interrupt.o(.text.TIM4_IRQHandler) refers to i2c.o(.bss.T_I2C) for T_I2C
    interrupt.o(.text.TIM4_IRQHandler) refers to interrupt.o(.bss.BUFFER_TX) for BUFFER_TX
    interrupt.o(.text.TIM4_IRQHandler) refers to adc.o(.bss.T_ADC) for T_ADC
    interrupt.o(.text.TIM4_IRQHandler) refers to ds18b20.o(.bss.T_ds18b20) for T_ds18b20
    interrupt.o(.ARM.exidx.text.TIM4_IRQHandler) refers to interrupt.o(.text.TIM4_IRQHandler) for [Anonymous Symbol]
    interrupt.o(.ARM.exidx.text.I2C1_ER_IRQHandler) refers to interrupt.o(.text.I2C1_ER_IRQHandler) for [Anonymous Symbol]
    interrupt.o(.text.USART1_IRQHandler) refers to usart.o(.bss.RX_BUFF) for RX_BUFF
    interrupt.o(.text.USART1_IRQHandler) refers to interrupt.o(.bss.BUFFER_RX) for BUFFER_RX
    interrupt.o(.text.USART1_IRQHandler) refers to spi.o(.text.ReadData) for ReadData
    interrupt.o(.text.USART1_IRQHandler) refers to interrupt.o(.bss.BUFFER_TX) for BUFFER_TX
    interrupt.o(.text.USART1_IRQHandler) refers to spi.o(.text.WriteData) for WriteData
    interrupt.o(.text.USART1_IRQHandler) refers to spi.o(.text.DelayMicros) for DelayMicros
    interrupt.o(.text.USART1_IRQHandler) refers to usart.o(.text.DMI_channel5_go) for DMI_channel5_go
    interrupt.o(.ARM.exidx.text.USART1_IRQHandler) refers to interrupt.o(.text.USART1_IRQHandler) for [Anonymous Symbol]
    i2c.o(.text.TIM4_Init) refers to system_stm32f10x.o(.data.SystemCoreClock) for SystemCoreClock
    i2c.o(.text.TIM4_Init) refers to i2c.o(.text.__NVIC_EnableIRQ) for __NVIC_EnableIRQ
    i2c.o(.ARM.exidx.text.TIM4_Init) refers to i2c.o(.text.TIM4_Init) for [Anonymous Symbol]
    i2c.o(.ARM.exidx.text.__NVIC_EnableIRQ) refers to i2c.o(.text.__NVIC_EnableIRQ) for [Anonymous Symbol]
    i2c.o(.text.I2C1_Init) refers to i2c.o(.text.__NVIC_EnableIRQ) for __NVIC_EnableIRQ
    i2c.o(.ARM.exidx.text.I2C1_Init) refers to i2c.o(.text.I2C1_Init) for [Anonymous Symbol]
    i2c.o(.text.DMA_I2C_Init) refers to i2c.o(.text.__NVIC_EnableIRQ) for __NVIC_EnableIRQ
    i2c.o(.ARM.exidx.text.DMA_I2C_Init) refers to i2c.o(.text.DMA_I2C_Init) for [Anonymous Symbol]
    i2c.o(.ARM.exidx.text.DMA_TX_GO) refers to i2c.o(.text.DMA_TX_GO) for [Anonymous Symbol]
    i2c.o(.ARM.exidx.text.DMA_RX_GO) refers to i2c.o(.text.DMA_RX_GO) for [Anonymous Symbol]
    i2c.o(.ARM.exidx.text.DMA1_Channel6_IRQHandler) refers to i2c.o(.text.DMA1_Channel6_IRQHandler) for [Anonymous Symbol]
    i2c.o(.text.DMA1_Channel7_IRQHandler) refers to i2c.o(.bss.BUFF_RX) for BUFF_RX
    i2c.o(.text.DMA1_Channel7_IRQHandler) refers to fflt_clz.o(x$fpl$fflt) for __aeabi_i2f
    i2c.o(.text.DMA1_Channel7_IRQHandler) refers to f2d.o(x$fpl$f2d) for __aeabi_f2d
    i2c.o(.text.DMA1_Channel7_IRQHandler) refers to dmul.o(x$fpl$dmul) for __aeabi_dmul
    i2c.o(.text.DMA1_Channel7_IRQHandler) refers to d2f.o(x$fpl$d2f) for __aeabi_d2f
    i2c.o(.text.DMA1_Channel7_IRQHandler) refers to i2c.o(.bss.T_I2C) for T_I2C
    i2c.o(.ARM.exidx.text.DMA1_Channel7_IRQHandler) refers to i2c.o(.text.DMA1_Channel7_IRQHandler) for [Anonymous Symbol]
[...]
    libinit.o(.ARM.Collect$$libinit$$00000000) refers (Special) to libinit2.o(.ARM.Collect$$libinit$$00000021) for __rt_lib_init_clock_1
    libinit.o(.ARM.Collect$$libinit$$00000000) refers (Special) to libinit2.o(.ARM.Collect$$libinit$$00000032) for __rt_lib_init_cpp_1
    libinit.o(.ARM.Collect$$libinit$$00000000) refers (Special) to libinit2.o(.ARM.Collect$$libinit$$00000030) for __rt_lib_init_exceptions_1
    libinit.o(.ARM.Collect$$libinit$$00000000) refers (Special) to libinit2.o(.ARM.Collect$$libinit$$00000002) for __rt_lib_init_fp_1
    libinit.o(.ARM.Collect$$libinit$$00000000) refers (Special) to libinit2.o(.ARM.Collect$$libinit$$0000001F) for __rt_lib_init_fp_trap_1
    libinit.o(.ARM.Collect$$libinit$$00000000) refers (Special) to libinit2.o(.ARM.Collect$$libinit$$00000023) for __rt_lib_init_getenv_1
    libinit.o(.ARM.Collect$$libinit$$00000000) refers (Special) to libinit2.o(.ARM.Collect$$libinit$$0000000A) for __rt_lib_init_heap_1
    libinit.o(.ARM.Collect$$libinit$$00000000) refers (Special) to libinit2.o(.ARM.Collect$$libinit$$00000011) for __rt_lib_init_lc_collate_1
    libinit.o(.ARM.Collect$$libinit$$00000000) refers (Special) to libinit2.o(.ARM.Collect$$libinit$$00000013) for __rt_lib_init_lc_ctype_1
    libinit.o(.ARM.Collect$$libinit$$00000000) refers (Special) to libinit2.o(.ARM.Collect$$libinit$$00000015) for __rt_lib_init_lc_monetary_1
    libinit.o(.ARM.Collect$$libinit$$00000000) refers (Special) to libinit2.o(.ARM.Collect$$libinit$$00000017) for __rt_lib_init_lc_numeric_1
    libinit.o(.ARM.Collect$$libinit$$00000000) refers (Special) to libinit2.o(.ARM.Collect$$libinit$$00000019) for __rt_lib_init_lc_time_1
    libinit.o(.ARM.Collect$$libinit$$00000000) refers (Special) to libinit2.o(.ARM.Collect$$libinit$$00000004) for __rt_lib_init_preinit_1
    libinit.o(.ARM.Collect$$libinit$$00000000) refers (Special) to libinit2.o(.ARM.Collect$$libinit$$0000000E) for __rt_lib_init_rand_1
    libinit.o(.ARM.Collect$$libinit$$00000000) refers (Special) to libinit2.o(.ARM.Collect$$libinit$$00000033) for __rt_lib_init_return
    libinit.o(.ARM.Collect$$libinit$$00000000) refers (Special) to libinit2.o(.ARM.Collect$$libinit$$0000001D) for __rt_lib_init_signal_1
    libinit.o(.ARM.Collect$$libinit$$00000000) refers (Special) to libinit2.o(.ARM.Collect$$libinit$$00000025) for __rt_lib_init_stdio_1
    libinit.o(.ARM.Collect$$libinit$$00000000) refers (Special) to libinit2.o(.ARM.Collect$$libinit$$0000000C) for __rt_lib_init_user_alloc_1
    dcmpi.o(x$fpl$dcmpinf) refers (Special) to usenofp.o(x$fpl$usenofp) for __I$use$fp
    retnan.o(x$fpl$retnan) refers (Special) to usenofp.o(x$fpl$usenofp) for __I$use$fp
    retnan.o(x$fpl$retnan) refers to trapv.o(x$fpl$trapveneer) for __fpl_cmpreturn
    rtexit.o(.ARM.Collect$$rtexit$$00000000) refers (Special) to rtexit2.o(.ARM.Collect$$rtexit$$00000004) for __rt_exit_exit
    rtexit.o(.ARM.Collect$$rtexit$$00000000) refers (Special) to rtexit2.o(.ARM.Collect$$rtexit$$00000003) for __rt_exit_ls
    rtexit.o(.ARM.Collect$$rtexit$$00000000) refers (Special) to rtexit2.o(.ARM.Collect$$rtexit$$00000002) for __rt_exit_prels_1
    rtexit.o(.ARM.exidx) refers (Special) to rtexit2.o(.ARM.Collect$$rtexit$$00000004) for __rt_exit_exit
    rtexit.o(.ARM.exidx) refers (Special) to rtexit2.o(.ARM.Collect$$rtexit$$00000003) for __rt_exit_ls
    rtexit.o(.ARM.exidx) refers (Special) to rtexit2.o(.ARM.Collect$$rtexit$$00000002) for __rt_exit_prels_1
    rtexit.o(.ARM.exidx) refers to rtexit.o(.ARM.Collect$$rtexit$$00000000) for .ARM.Collect$$rtexit$$00000000
    libinit2.o(.ARM.Collect$$libinit$$00000010) refers to libinit2.o(.ARM.Collect$$libinit$$0000000F) for .ARM.Collect$$libinit$$0000000F
    libinit2.o(.ARM.Collect$$libinit$$00000012) refers to libinit2.o(.ARM.Collect$$libinit$$0000000F) for .ARM.Collect$$libinit$$0000000F
    libinit2.o(.ARM.Collect$$libinit$$00000014) refers to libinit2.o(.ARM.Collect$$libinit$$0000000F) for .ARM.Collect$$libinit$$0000000F
    libinit2.o(.ARM.Collect$$libinit$$00000016) refers to libinit2.o(.ARM.Collect$$libinit$$0000000F) for .ARM.Collect$$libinit$$0000000F
    libinit2.o(.ARM.Collect$$libinit$$00000018) refers to libinit2.o(.ARM.Collect$$libinit$$0000000F) for .ARM.Collect$$libinit$$0000000F
    libinit2.o(.ARM.Collect$$libinit$$00000026) refers to argv_veneer.o(.emb_text) for __ARM_argv_veneer
    libinit2.o(.ARM.Collect$$libinit$$00000027) refers to argv_veneer.o(.emb_text) for __ARM_argv_veneer
    trapv.o(x$fpl$trapveneer) refers (Special) to usenofp.o(x$fpl$usenofp) for __I$use$fp
    rtexit2.o(.ARM.Collect$$rtexit$$00000003) refers to libshutdown.o(.ARM.Collect$$libshutdown$$00000000) for __rt_lib_shutdown
    rtexit2.o(.ARM.Collect$$rtexit$$00000004) refers to sys_exit.o(.text) for _sys_exit
    rtexit2.o(.ARM.exidx) refers to rtexit2.o(.ARM.Collect$$rtexit$$00000001) for .ARM.Collect$$rtexit$$00000001
    rtexit2.o(.ARM.exidx) refers to rtexit2.o(.ARM.Collect$$rtexit$$00000003) for .ARM.Collect$$rtexit$$00000003
    rtexit2.o(.ARM.exidx) refers to rtexit2.o(.ARM.Collect$$rtexit$$00000004) for .ARM.Collect$$rtexit$$00000004
    argv_veneer.o(.emb_text) refers to no_argv.o(.text) for __ARM_get_argv
    sys_exit.o(.text) refers (Special) to use_no_semi.o(.text) for __I$use$semihosting
    sys_exit.o(.text) refers (Special) to indicate_semi.o(.text) for __semihosting_library_function
    sys_exit_hlt.o(.text) refers (Special) to use_no_semi.o(.text) for __I$use$semihosting
    sys_exit_hlt.o(.text) refers (Special) to indicate_semi.o(.text) for __semihosting_library_function
    _get_argv_nomalloc.o(.text) refers (Special) to hrguard.o(.text) for __heap_region$guard
    _get_argv_nomalloc.o(.text) refers to defsig_rtmem_outer.o(.text) for __rt_SIGRTMEM
    _get_argv_nomalloc.o(.text) refers to sys_command.o(.text) for _sys_command_string
    libshutdown.o(.ARM.Collect$$libshutdown$$00000000) refers (Special) to libshutdown2.o(.ARM.Collect$$libshutdown$$00000002) for __rt_lib_shutdown_cpp_1
    libshutdown.o(.ARM.Collect$$libshutdown$$00000000) refers (Special) to libshutdown2.o(.ARM.Collect$$libshutdown$$00000007) for __rt_lib_shutdown_fp_trap_1
    libshutdown.o(.ARM.Collect$$libshutdown$$00000000) refers (Special) to libshutdown2.o(.ARM.Collect$$libshutdown$$0000000F) for __rt_lib_shutdown_heap_1
    libshutdown.o(.ARM.Collect$$libshutdown$$00000000) refers (Special) to libshutdown2.o(.ARM.Collect$$libshutdown$$00000010) for __rt_lib_shutdown_return
    libshutdown.o(.ARM.Collect$$libshutdown$$00000000) refers (Special) to libshutdown2.o(.ARM.Collect$$libshutdown$$0000000A) for __rt_lib_shutdown_signal_1
    libshutdown.o(.ARM.Collect$$libshutdown$$00000000) refers (Special) to libshutdown2.o(.ARM.Collect$$libshutdown$$00000004) for __rt_lib_shutdown_stdio_1
    libshutdown.o(.ARM.Collect$$libshutdown$$00000000) refers (Special) to libshutdown2.o(.ARM.Collect$$libshutdown$$0000000C) for __rt_lib_shutdown_user_alloc_1
    sys_command.o(.text) refers (Special) to use_no_semi.o(.text) for __I$use$semihosting
    sys_command.o(.text) refers (Special) to indicate_semi.o(.text) for __semihosting_library_function
    sys_command_hlt.o(.text) refers (Special) to use_no_semi.o(.text) for __I$use$semihosting
    sys_command_hlt.o(.text) refers (Special) to indicate_semi.o(.text) for __semihosting_library_function
    defsig_rtmem_outer.o(.text) refers to defsig_rtmem_inner.o(.text) for __rt_SIGRTMEM_inner
    defsig_rtmem_outer.o(.text) refers to defsig_exit.o(.text) for __sig_exit
    defsig_rtmem_formal.o(.text) refers to rt_raise.o(.text) for __rt_raise
    rt_raise.o(.text) refers to __raise.o(.text) for __raise
    rt_raise.o(.text) refers to sys_exit.o(.text) for _sys_exit
    defsig_exit.o(.text) refers to sys_exit.o(.text) for _sys_exit
    defsig_rtmem_inner.o(.text) refers to defsig_general.o(.text) for __default_signal_display
    __raise.o(.text) refers to defsig.o(CL$$defsig) for __default_signal_handler
    defsig_general.o(.text) refers to sys_wrch.o(.text) for _ttywrch
    sys_wrch.o(.text) refers (Special) to use_no_semi.o(.text) for __I$use$semihosting
    sys_wrch.o(.text) refers (Special) to indicate_semi.o(.text) for __semihosting_library_function
    sys_wrch_hlt.o(.text) refers (Special) to use_no_semi.o(.text) for __I$use$semihosting
    sys_wrch_hlt.o(.text) refers (Special) to indicate_semi.o(.text) for __semihosting_library_function
    defsig.o(CL$$defsig) refers to defsig_rtmem_inner.o(.text) for __rt_SIGRTMEM_inner
    defsig_abrt_inner.o(.text) refers to defsig_general.o(.text) for __default_signal_display
    defsig_fpe_inner.o(.text) refers to defsig_general.o(.text) for __default_signal_display
    defsig_rtred_inner.o(.text) refers to defsig_general.o(.text) for __default_signal_display
    defsig_stak_inner.o(.text) refers to defsig_general.o(.text) for __default_signal_display
    defsig_pvfn_inner.o(.text) refers to defsig_general.o(.text) for __default_signal_display
    defsig_cppl_inner.o(.text) refers to defsig_general.o(.text) for __default_signal_display
    defsig_segv_inner.o(.text) refers to defsig_general.o(.text) for __default_signal_display
    defsig_other.o(.text) refers to defsig_general.o(.text) for __default_signal_display


==============================================================================

Removing Unused input sections from the image.

    Removing main.o(.text), (0 bytes).
    Removing main.o(.ARM.exidx.text.main), (8 bytes).
    Removing main.o(.ARM.use_no_argv), (4 bytes).
    Removing my_lib.o(.text), (0 bytes).
    Removing my_lib.o(.ARM.exidx.text.SystemCoreClockConfigure), (8 bytes).
    Removing my_lib.o(.text.GPIO_Init), (58 bytes).
    Removing my_lib.o(.ARM.exidx.text.GPIO_Init), (8 bytes).
    Removing interrupt.o(.text), (0 bytes).
    Removing interrupt.o(.ARM.exidx.text.TIM4_IRQHandler), (8 bytes).
    Removing interrupt.o(.ARM.exidx.text.I2C1_ER_IRQHandler), (8 bytes).
    Removing interrupt.o(.ARM.exidx.text.USART1_IRQHandler), (8 bytes).
    Removing i2c.o(.text), (0 bytes).
    Removing i2c.o(.ARM.exidx.text.TIM4_Init), (8 bytes).
    Removing i2c.o(.ARM.exidx.text.__NVIC_EnableIRQ), (8 bytes).
    Removing i2c.o(.ARM.exidx.text.I2C1_Init), (8 bytes).
    Removing i2c.o(.ARM.exidx.text.DMA_I2C_Init), (8 bytes).
    Removing i2c.o(.ARM.exidx.text.DMA_TX_GO), (8 bytes).
    Removing i2c.o(.ARM.exidx.text.DMA_RX_GO), (8 bytes).
    Removing i2c.o(.ARM.exidx.text.DMA1_Channel6_IRQHandler), (8 bytes).
    Removing i2c.o(.ARM.exidx.text.DMA1_Channel7_IRQHandler), (8 bytes).
    Removing i2c.o(.ARM.exidx.text.Send_Addr), (8 bytes).
    Removing i2c.o(.text.Send_Byte), (60 bytes).
    Removing i2c.o(.ARM.exidx.text.Send_Byte), (8 bytes).
    Removing i2c.o(.ARM.exidx.text.LM75A_Tos_Write), (8 bytes).
    Removing i2c.o(.ARM.exidx.text.LM75A_TH_Write), (8 bytes).
    Removing i2c.o(.text.LM75A_CONF_Write), (60 bytes).
    Removing i2c.o(.ARM.exidx.text.LM75A_CONF_Write), (8 bytes).
    Removing i2c.o(.ARM.exidx.text.LM75A_Init), (8 bytes).
    Removing i2c.o(.ARM.exidx.text.LM75A_SP_Write), (8 bytes).
    Removing i2c.o(.text.LM75A_TH_READ), (92 bytes).
    Removing i2c.o(.ARM.exidx.text.LM75A_TH_READ), (8 bytes).
    Removing i2c.o(.text.LM75A_CONF_READ), (90 bytes).
    Removing i2c.o(.ARM.exidx.text.LM75A_CONF_READ), (8 bytes).
    Removing i2c.o(.text.LM75A_Tos_READ), (86 bytes).
    Removing i2c.o(.ARM.exidx.text.LM75A_Tos_READ), (8 bytes).
    Removing i2c.o(.ARM.exidx.text.LM75A_T_READ), (8 bytes).
    Removing i2c.o(.bss.BUFF_DATA), (8 bytes).
    Removing adc.o(.text), (0 bytes).
    Removing adc.o(.ARM.exidx.text.TIM2_Init), (8 bytes).
    Removing adc.o(.ARM.exidx.text.ADC_Init), (8 bytes).
    Removing adc.o(.ARM.exidx.text.__NVIC_EnableIRQ), (8 bytes).
    Removing adc.o(.ARM.exidx.text.ADC1_2_IRQHandler), (8 bytes).
    Removing spi.o(.text), (0 bytes).
    Removing spi.o(.ARM.exidx.text.SysTick_Handler), (8 bytes).
    Removing spi.o(.ARM.exidx.text.DelayMicro), (8 bytes).
    Removing spi.o(.ARM.exidx.text.GetTicks), (8 bytes).
    Removing spi.o(.ARM.exidx.text.DelayMicros), (8 bytes).
    Removing spi.o(.ARM.exidx.text.SPI1_Init), (8 bytes).
    Removing spi.o(.ARM.exidx.text.SPI_Transmit), (8 bytes).
    Removing spi.o(.ARM.exidx.text.SPI_TransmitReceive), (8 bytes).
    Removing spi.o(.ARM.exidx.text.WriteEnableOrDisable), (8 bytes).
    Removing spi.o(.ARM.exidx.text.WriteData), (8 bytes).
    Removing spi.o(.ARM.exidx.text.ReadData), (8 bytes).
    Removing ds18b20.o(.text), (0 bytes).
    Removing ds18b20.o(.ARM.exidx.text.ds18b20), (8 bytes).
    Removing ds18b20.o(.ARM.exidx.text.convert), (8 bytes).
    Removing ds18b20.o(.ARM.exidx.text.send_Byte), (8 bytes).
    Removing ds18b20.o(.ARM.exidx.text.read_T), (8 bytes).
    Removing ds18b20.o(.ARM.exidx.text.initial_ds18b20), (8 bytes).
    Removing ds18b20.o(.ARM.exidx.text.read_Byte), (8 bytes).
    Removing ds18b20.o(.text.send_Bit), (98 bytes).
    Removing ds18b20.o(.ARM.exidx.text.send_Bit), (8 bytes).
    Removing ds18b20.o(.text.recive_Bit), (90 bytes).
    Removing ds18b20.o(.ARM.exidx.text.recive_Bit), (8 bytes).
    Removing usart.o(.text), (0 bytes).
    Removing usart.o(.text.DMI_channel4_go), (52 bytes).
    Removing usart.o(.ARM.exidx.text.DMI_channel4_go), (8 bytes).
    Removing usart.o(.ARM.exidx.text.DMI_channel5_go), (8 bytes).
    Removing usart.o(.ARM.exidx.text.DMI_init), (8 bytes).
    Removing usart.o(.ARM.exidx.text.USART_init), (8 bytes).
    Removing usart.o(.ARM.exidx.text.__NVIC_EnableIRQ), (8 bytes).
    Removing system_stm32f10x.o(.text), (0 bytes).
    Removing system_stm32f10x.o(.ARM.exidx.text.SystemInit), (8 bytes).
    Removing system_stm32f10x.o(.ARM.exidx.text.SetSysClock), (8 bytes).
    Removing system_stm32f10x.o(.ARM.exidx.text.SystemCoreClockUpdate), (8 bytes).
    Removing system_stm32f10x.o(.ARM.exidx.text.SetSysClockTo72), (8 bytes).

76 unused section(s) (total 1146 bytes) removed from the image.

==============================================================================

Image Symbol Table

    Local Symbols

    Symbol Name                              Value     Ov Type        Size  Object(Section)

    ../clib/angel/boardlib.s                 0x00000000   Number         0  boardinit1.o ABSOLUTE
    ../clib/angel/boardlib.s                 0x00000000   Number         0  boardinit2.o ABSOLUTE
    ../clib/angel/boardlib.s                 0x00000000   Number         0  boardinit3.o ABSOLUTE
    ../clib/angel/boardlib.s                 0x00000000   Number         0  boardshut.o ABSOLUTE
    ../clib/angel/handlers.s                 0x00000000   Number         0  __scatter_copy.o ABSOLUTE
    ../clib/angel/handlers.s                 0x00000000   Number         0  __scatter_zi.o ABSOLUTE
    ../clib/angel/kernel.s                   0x00000000   Number         0  __rtentry.o ABSOLUTE
    ../clib/angel/kernel.s                   0x00000000   Number         0  __rtentry2.o ABSOLUTE
    ../clib/angel/kernel.s                   0x00000000   Number         0  __rtentry4.o ABSOLUTE
    ../clib/angel/kernel.s                   0x00000000   Number         0  rtexit.o ABSOLUTE
    ../clib/angel/kernel.s                   0x00000000   Number         0  rtexit2.o ABSOLUTE
    ../clib/angel/rt.s                       0x00000000   Number         0  rt_errno_addr.o ABSOLUTE
    ../clib/angel/rt.s                       0x00000000   Number         0  rt_errno_addr_intlibspace.o ABSOLUTE
    ../clib/angel/rt.s                       0x00000000   Number         0  rt_raise.o ABSOLUTE
    ../clib/angel/scatter.s                  0x00000000   Number         0  __scatter.o ABSOLUTE
    ../clib/angel/startup.s                  0x00000000   Number         0  __main.o ABSOLUTE
    ../clib/angel/sys.s                      0x00000000   Number         0  libspace.o ABSOLUTE
    ../clib/angel/sys.s                      0x00000000   Number         0  sys_stackheap_outer.o ABSOLUTE
    ../clib/angel/sys.s                      0x00000000   Number         0  use_no_semi.o ABSOLUTE
    ../clib/angel/sys.s                      0x00000000   Number         0  indicate_semi.o ABSOLUTE
    ../clib/angel/sysapp.c                   0x00000000   Number         0  sys_exit.o ABSOLUTE
    ../clib/angel/sysapp.c                   0x00000000   Number         0  sys_exit_hlt.o ABSOLUTE
    ../clib/angel/sysapp.c                   0x00000000   Number         0  sys_command.o ABSOLUTE
    ../clib/angel/sysapp.c                   0x00000000   Number         0  sys_command_hlt.o ABSOLUTE
    ../clib/angel/sysapp.c                   0x00000000   Number         0  sys_wrch.o ABSOLUTE
    ../clib/angel/sysapp.c                   0x00000000   Number         0  sys_wrch_hlt.o ABSOLUTE
    ../clib/armsys.c                         0x00000000   Number         0  argv_veneer.o ABSOLUTE
    ../clib/armsys.c                         0x00000000   Number         0  argv_veneer.o ABSOLUTE
    ../clib/armsys.c                         0x00000000   Number         0  _get_argv_nomalloc.o ABSOLUTE
    ../clib/armsys.c                         0x00000000   Number         0  no_argv.o ABSOLUTE
    ../clib/fenv.c                           0x00000000   Number         0  _rserrno.o ABSOLUTE
    ../clib/heapalloc.c                      0x00000000   Number         0  hrguard.o ABSOLUTE
    ../clib/heapaux.c                        0x00000000   Number         0  heapauxi.o ABSOLUTE
    ../clib/libinit.s                        0x00000000   Number         0  libinit.o ABSOLUTE
    ../clib/libinit.s                        0x00000000   Number         0  libinit2.o ABSOLUTE
    ../clib/libinit.s                        0x00000000   Number         0  libshutdown.o ABSOLUTE
    ../clib/libinit.s                        0x00000000   Number         0  libshutdown2.o ABSOLUTE
    ../clib/signal.c                         0x00000000   Number         0  defsig_rtmem_outer.o ABSOLUTE
    ../clib/signal.c                         0x00000000   Number         0  defsig_rtmem_formal.o ABSOLUTE
    ../clib/signal.c                         0x00000000   Number         0  defsig_exit.o ABSOLUTE
    ../clib/signal.c                         0x00000000   Number         0  defsig_rtmem_inner.o ABSOLUTE
    ../clib/signal.c                         0x00000000   Number         0  __raise.o ABSOLUTE
    ../clib/signal.c                         0x00000000   Number         0  defsig_general.o ABSOLUTE
    ../clib/signal.c                         0x00000000   Number         0  defsig_abrt_inner.o ABSOLUTE
    ../clib/signal.c                         0x00000000   Number         0  defsig_fpe_inner.o ABSOLUTE
    ../clib/signal.c                         0x00000000   Number         0  defsig_rtred_inner.o ABSOLUTE
    ../clib/signal.c                         0x00000000   Number         0  defsig_stak_inner.o ABSOLUTE
    ../clib/signal.c                         0x00000000   Number         0  defsig_pvfn_inner.o ABSOLUTE
    ../clib/signal.c                         0x00000000   Number         0  defsig_cppl_inner.o ABSOLUTE
    ../clib/signal.c                         0x00000000   Number         0  defsig_segv_inner.o ABSOLUTE
    ../clib/signal.c                         0x00000000   Number         0  defsig_other.o ABSOLUTE
    ../clib/signal.s                         0x00000000   Number         0  defsig.o ABSOLUTE
    ../clib/stdlib.c                         0x00000000   Number         0  abs.o ABSOLUTE
    ../clib/stdlib.c                         0x00000000   Number         0  exit.o ABSOLUTE
    ../fplib/d2f.s                           0x00000000   Number         0  d2f.o ABSOLUTE
    ../fplib/daddsub.s                       0x00000000   Number         0  daddsub_clz.o ABSOLUTE
    ../fplib/dcheck1.s                       0x00000000   Number         0  dcheck1.o ABSOLUTE
    ../fplib/dcmpi.s                         0x00000000   Number         0  dcmpi.o ABSOLUTE
    ../fplib/ddiv.s                          0x00000000   Number         0  ddiv.o ABSOLUTE
    ../fplib/dflt.s                          0x00000000   Number         0  dflt_clz.o ABSOLUTE
    ../fplib/dleqf.s                         0x00000000   Number         0  dleqf.o ABSOLUTE
    ../fplib/dmul.s                          0x00000000   Number         0  dmul.o ABSOLUTE
    ../fplib/dnaninf.s                       0x00000000   Number         0  dnaninf.o ABSOLUTE
    ../fplib/dretinf.s                       0x00000000   Number         0  dretinf.o ABSOLUTE
    ../fplib/drleqf.s                        0x00000000   Number         0  drleqf.o ABSOLUTE
    ../fplib/dsqrt.s                         0x00000000   Number         0  dsqrt_noumaal.o ABSOLUTE
    ../fplib/f2d.s                           0x00000000   Number         0  f2d.o ABSOLUTE
    ../fplib/faddsub.s                       0x00000000   Number         0  faddsub_clz.o ABSOLUTE
    ../fplib/fflt.s                          0x00000000   Number         0  fflt_clz.o ABSOLUTE
    ../fplib/fmul.s                          0x00000000   Number         0  fmul.o ABSOLUTE
    ../fplib/fnaninf.s                       0x00000000   Number         0  fnaninf.o ABSOLUTE
    ../fplib/fpinit.s                        0x00000000   Number         0  fpinit.o ABSOLUTE
    ../fplib/fpinit_empty.s                  0x00000000   Number         0  fpinit_empty.o ABSOLUTE
    ../fplib/fretinf.s                       0x00000000   Number         0  fretinf.o ABSOLUTE
    ../fplib/retnan.s                        0x00000000   Number         0  retnan.o ABSOLUTE
    ../fplib/scalbn.s                        0x00000000   Number         0  scalbn.o ABSOLUTE
    ../fplib/trapv.s                         0x00000000   Number         0  trapv.o ABSOLUTE
    ../fplib/usenofp.s                       0x00000000   Number         0  usenofp.o ABSOLUTE
    ../mathlib/dunder.c                      0x00000000   Number         0  dunder.o ABSOLUTE
    ../mathlib/fpclassify.c                  0x00000000   Number         0  fpclassify.o ABSOLUTE
    ../mathlib/poly.c                        0x00000000   Number         0  poly.o ABSOLUTE
    ../mathlib/pow.c                         0x00000000   Number         0  pow.o ABSOLUTE
    ../mathlib/qnan.c                        0x00000000   Number         0  qnan.o ABSOLUTE
    ../mathlib/sqrt.c                        0x00000000   Number         0  sqrt.o ABSOLUTE
    ADC.c                                    0x00000000   Number         0  adc.o ABSOLUTE
    I2C.c                                    0x00000000   Number         0  i2c.o ABSOLUTE
    RTE\Device\STM32F103RB\startup_stm32f10x_md.s 0x00000000   Number         0  startup_stm32f10x_md.o ABSOLUTE
    SPI.c                                    0x00000000   Number         0  spi.o ABSOLUTE
    USART.c                                  0x00000000   Number         0  usart.o ABSOLUTE
    dc.s                                     0x00000000   Number         0  dc.o ABSOLUTE
    ds18b20.c                                0x00000000   Number         0  ds18b20.o ABSOLUTE
    interrupt.c                              0x00000000   Number         0  interrupt.o ABSOLUTE
    main.c                                   0x00000000   Number         0  main.o ABSOLUTE
    my_lib.c                                 0x00000000   Number         0  my_lib.o ABSOLUTE
    system_stm32f10x.c                       0x00000000   Number         0  system_stm32f10x.o ABSOLUTE
    RESET                                    0x08000000   Section      236  startup_stm32f10x_md.o(RESET)
    !!!main                                  0x080000ec   Section        8  __main.o(!!!main)
    !!!scatter                               0x080000f4   Section       52  __scatter.o(!!!scatter)
    !!handler_copy                           0x08000128   Section       26  __scatter_copy.o(!!handler_copy)
    !!handler_zi                             0x08000144   Section       28  __scatter_zi.o(!!handler_zi)
    .ARM.Collect$$libinit$$00000000          0x08000160   Section        2  libinit.o(.ARM.Collect$$libinit$$00000000)
    .ARM.Collect$$libinit$$00000002          0x08000162   Section        0  libinit2.o(.ARM.Collect$$libinit$$00000002)
    .ARM.Collect$$libinit$$00000004          0x08000162   Section        0  libinit2.o(.ARM.Collect$$libinit$$00000004)
    .ARM.Collect$$libinit$$0000000A          0x08000162   Section        0  libinit2.o(.ARM.Collect$$libinit$$0000000A)
    .ARM.Collect$$libinit$$0000000C          0x08000162   Section        0  libinit2.o(.ARM.Collect$$libinit$$0000000C)
    .ARM.Collect$$libinit$$0000000E          0x08000162   Section        0  libinit2.o(.ARM.Collect$$libinit$$0000000E)
    .ARM.Collect$$libinit$$00000011          0x08000162   Section        0  libinit2.o(.ARM.Collect$$libinit$$00000011)
    .ARM.Collect$$libinit$$00000013          0x08000162   Section        0  libinit2.o(.ARM.Collect$$libinit$$00000013)
    .ARM.Collect$$libinit$$00000015          0x08000162   Section        0  libinit2.o(.ARM.Collect$$libinit$$00000015)
    .ARM.Collect$$libinit$$00000017          0x08000162   Section        0  libinit2.o(.ARM.Collect$$libinit$$00000017)
    .ARM.Collect$$libinit$$00000019          0x08000162   Section        0  libinit2.o(.ARM.Collect$$libinit$$00000019)
    .ARM.Collect$$libinit$$0000001B          0x08000162   Section        0  libinit2.o(.ARM.Collect$$libinit$$0000001B)
    .ARM.Collect$$libinit$$0000001D          0x08000162   Section        0  libinit2.o(.ARM.Collect$$libinit$$0000001D)
    .ARM.Collect$$libinit$$0000001F          0x08000162   Section        0  libinit2.o(.ARM.Collect$$libinit$$0000001F)
    .ARM.Collect$$libinit$$00000021          0x08000162   Section        0  libinit2.o(.ARM.Collect$$libinit$$00000021)
    .ARM.Collect$$libinit$$00000023          0x08000162   Section        0  libinit2.o(.ARM.Collect$$libinit$$00000023)
    .ARM.Collect$$libinit$$00000025          0x08000162   Section        0  libinit2.o(.ARM.Collect$$libinit$$00000025)
    .ARM.Collect$$libinit$$0000002C          0x08000162   Section        0  libinit2.o(.ARM.Collect$$libinit$$0000002C)
    .ARM.Collect$$libinit$$0000002E          0x08000162   Section        0  libinit2.o(.ARM.Collect$$libinit$$0000002E)
    .ARM.Collect$$libinit$$00000030          0x08000162   Section        0  libinit2.o(.ARM.Collect$$libinit$$00000030)
    .ARM.Collect$$libinit$$00000032          0x08000162   Section        0  libinit2.o(.ARM.Collect$$libinit$$00000032)
    .ARM.Collect$$libinit$$00000033          0x08000162   Section        2  libinit2.o(.ARM.Collect$$libinit$$00000033)
    .ARM.Collect$$libshutdown$$00000000      0x08000164   Section        2  libshutdown.o(.ARM.Collect$$libshutdown$$00000000)
    .ARM.Collect$$libshutdown$$00000002      0x08000166   Section        0  libshutdown2.o(.ARM.Collect$$libshutdown$$00000002)
    .ARM.Collect$$libshutdown$$00000004      0x08000166   Section        0  libshutdown2.o(.ARM.Collect$$libshutdown$$00000004)
    .ARM.Collect$$libshutdown$$00000007      0x08000166   Section        0  libshutdown2.o(.ARM.Collect$$libshutdown$$00000007)
    .ARM.Collect$$libshutdown$$0000000A      0x08000166   Section        0  libshutdown2.o(.ARM.Collect$$libshutdown$$0000000A)
    .ARM.Collect$$libshutdown$$0000000C      0x08000166   Section        0  libshutdown2.o(.ARM.Collect$$libshutdown$$0000000C)
    .ARM.Collect$$libshutdown$$0000000F      0x08000166   Section        0  libshutdown2.o(.ARM.Collect$$libshutdown$$0000000F)
    .ARM.Collect$$libshutdown$$00000010      0x08000166   Section        2  libshutdown2.o(.ARM.Collect$$libshutdown$$00000010)
    .ARM.Collect$$rtentry$$00000000          0x08000168   Section        0  __rtentry.o(.ARM.Collect$$rtentry$$00000000)
    .ARM.Collect$$rtentry$$00000002          0x08000168   Section        0  __rtentry2.o(.ARM.Collect$$rtentry$$00000002)
    .ARM.Collect$$rtentry$$00000004          0x08000168   Section        6  __rtentry4.o(.ARM.Collect$$rtentry$$00000004)
    .ARM.Collect$$rtentry$$00000009          0x0800016e   Section        0  __rtentry2.o(.ARM.Collect$$rtentry$$00000009)
    .ARM.Collect$$rtentry$$0000000A          0x0800016e   Section        4  __rtentry2.o(.ARM.Collect$$rtentry$$0000000A)
    .ARM.Collect$$rtentry$$0000000C          0x08000172   Section        0  __rtentry2.o(.ARM.Collect$$rtentry$$0000000C)
    .ARM.Collect$$rtentry$$0000000D          0x08000172   Section        8  __rtentry2.o(.ARM.Collect$$rtentry$$0000000D)
    .ARM.Collect$$rtexit$$00000000           0x0800017a   Section        2  rtexit.o(.ARM.Collect$$rtexit$$00000000)
    .ARM.Collect$$rtexit$$00000002           0x0800017c   Section        0  rtexit2.o(.ARM.Collect$$rtexit$$00000002)
    .ARM.Collect$$rtexit$$00000003           0x0800017c   Section        4  rtexit2.o(.ARM.Collect$$rtexit$$00000003)
    .ARM.Collect$$rtexit$$00000004           0x08000180   Section        6  rtexit2.o(.ARM.Collect$$rtexit$$00000004)
    .text                                    0x08000188   Section       64  startup_stm32f10x_md.o(.text)
    .text                                    0x080001c8   Section        0  abs.o(.text)
    .text                                    0x080001d0   Section        0  heapauxi.o(.text)
    .text                                    0x080001d6   Section        0  _rserrno.o(.text)
    .text                                    0x080001ec   Section        8  rt_errno_addr_intlibspace.o(.text)
    .text                                    0x080001f4   Section        8  libspace.o(.text)
    .text                                    0x080001fc   Section       74  sys_stackheap_outer.o(.text)
    .text                                    0x08000246   Section        0  exit.o(.text)
    .text                                    0x08000258   Section        0  sys_exit.o(.text)
    .text                                    0x08000264   Section        2  use_no_semi.o(.text)
    .text                                    0x08000266   Section        0  indicate_semi.o(.text)
    [Anonymous Symbol]                       0x08000268   Section        0  adc.o(.text.ADC1_2_IRQHandler)
    [Anonymous Symbol]                       0x080002e4   Section        0  adc.o(.text.ADC_Init)
    [Anonymous Symbol]                       0x080003ac   Section        0  i2c.o(.text.DMA1_Channel6_IRQHandler)
    [Anonymous Symbol]                       0x080003ec   Section        0  i2c.o(.text.DMA1_Channel7_IRQHandler)
    [Anonymous Symbol]                       0x0800046c   Section        0  i2c.o(.text.DMA_I2C_Init)
    [Anonymous Symbol]                       0x080004e0   Section        0  i2c.o(.text.DMA_RX_GO)
    [Anonymous Symbol]                       0x08000510   Section        0  i2c.o(.text.DMA_TX_GO)
    [Anonymous Symbol]                       0x08000540   Section        0  usart.o(.text.DMI_channel5_go)
    [Anonymous Symbol]                       0x08000574   Section        0  usart.o(.text.DMI_init)
    [Anonymous Symbol]                       0x080005d4   Section        0  spi.o(.text.DelayMicro)
    [Anonymous Symbol]                       0x08000644   Section        0  spi.o(.text.DelayMicros)
    [Anonymous Symbol]                       0x080006b4   Section        0  spi.o(.text.GetTicks)
    [Anonymous Symbol]                       0x080006c0   Section        0  interrupt.o(.text.I2C1_ER_IRQHandler)
    [Anonymous Symbol]                       0x08000700   Section        0  i2c.o(.text.I2C1_Init)
    [Anonymous Symbol]                       0x080007b0   Section        0  i2c.o(.text.LM75A_Init)
    [Anonymous Symbol]                       0x080007c0   Section        0  i2c.o(.text.LM75A_SP_Write)
    [Anonymous Symbol]                       0x080007f4   Section        0  i2c.o(.text.LM75A_TH_Write)
    [Anonymous Symbol]                       0x08000838   Section        0  i2c.o(.text.LM75A_T_READ)
    [Anonymous Symbol]                       0x08000860   Section        0  i2c.o(.text.LM75A_Tos_Write)
    [Anonymous Symbol]                       0x080008a4   Section        0  spi.o(.text.ReadData)
    [Anonymous Symbol]                       0x08000930   Section        0  spi.o(.text.SPI1_Init)
    [Anonymous Symbol]                       0x080009b8   Section        0  spi.o(.text.SPI_Transmit)
    [Anonymous Symbol]                       0x08000a70   Section        0  spi.o(.text.SPI_TransmitReceive)
    [Anonymous Symbol]                       0x08000b50   Section        0  i2c.o(.text.Send_Addr)
    SetSysClock                              0x08000bc1   Thumb Code     8  system_stm32f10x.o(.text.SetSysClock)
    [Anonymous Symbol]                       0x08000bc0   Section        0  system_stm32f10x.o(.text.SetSysClock)
    SetSysClockTo72                          0x08000bc9   Thumb Code   290  system_stm32f10x.o(.text.SetSysClockTo72)
    [Anonymous Symbol]                       0x08000bc8   Section        0  system_stm32f10x.o(.text.SetSysClockTo72)
    [Anonymous Symbol]                       0x08000cec   Section        0  spi.o(.text.SysTick_Handler)
    [Anonymous Symbol]                       0x08000cfc   Section        0  my_lib.o(.text.SystemCoreClockConfigure)
    [Anonymous Symbol]                       0x08000dc0   Section        0  system_stm32f10x.o(.text.SystemCoreClockUpdate)
    [Anonymous Symbol]                       0x08000ee4   Section        0  system_stm32f10x.o(.text.SystemInit)
    [Anonymous Symbol]                       0x08000f4c   Section        0  adc.o(.text.TIM2_Init)
    [Anonymous Symbol]                       0x08000fa8   Section        0  interrupt.o(.text.TIM4_IRQHandler)
    [Anonymous Symbol]                       0x08001048   Section        0  i2c.o(.text.TIM4_Init)
    [Anonymous Symbol]                       0x080010b4   Section        0  interrupt.o(.text.USART1_IRQHandler)
    [Anonymous Symbol]                       0x0800113c   Section        0  usart.o(.text.USART_init)
    [Anonymous Symbol]                       0x08001210   Section        0  spi.o(.text.WriteData)
    [Anonymous Symbol]                       0x080012a0   Section        0  spi.o(.text.WriteEnableOrDisable)
    __NVIC_EnableIRQ                         0x08001301   Thumb Code    48  i2c.o(.text.__NVIC_EnableIRQ)
    [Anonymous Symbol]                       0x08001300   Section        0  i2c.o(.text.__NVIC_EnableIRQ)
    __NVIC_EnableIRQ                         0x08001331   Thumb Code    48  adc.o(.text.__NVIC_EnableIRQ)
    [Anonymous Symbol]                       0x08001330   Section        0  adc.o(.text.__NVIC_EnableIRQ)
    __NVIC_EnableIRQ                         0x08001361   Thumb Code    48  usart.o(.text.__NVIC_EnableIRQ)
    [Anonymous Symbol]                       0x08001360   Section        0  usart.o(.text.__NVIC_EnableIRQ)
    [Anonymous Symbol]                       0x08001390   Section        0  ds18b20.o(.text.convert)
    [Anonymous Symbol]                       0x080013a4   Section        0  ds18b20.o(.text.ds18b20)
    [Anonymous Symbol]                       0x080013ec   Section        0  ds18b20.o(.text.initial_ds18b20)
    [Anonymous Symbol]                       0x0800144c   Section        0  main.o(.text.main)
    [Anonymous Symbol]                       0x0800148c   Section        0  ds18b20.o(.text.read_Byte)
    [Anonymous Symbol]                       0x0800150c   Section        0  ds18b20.o(.text.read_T)
    [Anonymous Symbol]                       0x0800168c   Section        0  ds18b20.o(.text.send_Byte)
    i.__ARM_fpclassify                       0x08001712   Section        0  fpclassify.o(i.__ARM_fpclassify)
    i.__kernel_poly                          0x0800173a   Section        0  poly.o(i.__kernel_poly)
    i.__mathlib_dbl_divzero                  0x080017e4   Section        0  dunder.o(i.__mathlib_dbl_divzero)
    i.__mathlib_dbl_infnan2                  0x080017f4   Section        0  dunder.o(i.__mathlib_dbl_infnan2)
    i.__mathlib_dbl_invalid                  0x080017f8   Section        0  dunder.o(i.__mathlib_dbl_invalid)
    i.__mathlib_dbl_overflow                 0x08001804   Section        0  dunder.o(i.__mathlib_dbl_overflow)
    i.__mathlib_dbl_underflow                0x08001814   Section        0  dunder.o(i.__mathlib_dbl_underflow)
    i.pow                                    0x08001824   Section        0  pow.o(i.pow)
    i.sqrt                                   0x08002210   Section        0  sqrt.o(i.sqrt)
    x$fpl$d2f                                0x0800225c   Section       98  d2f.o(x$fpl$d2f)
    x$fpl$dadd                               0x080022c0   Section      336  daddsub_clz.o(x$fpl$dadd)
    _dadd1                                   0x080022d1   Thumb Code     0  daddsub_clz.o(x$fpl$dadd)
    x$fpl$dcheck1                            0x08002410   Section       16  dcheck1.o(x$fpl$dcheck1)
    x$fpl$dcmpinf                            0x08002420   Section       24  dcmpi.o(x$fpl$dcmpinf)
    x$fpl$ddiv                               0x08002438   Section      692  ddiv.o(x$fpl$ddiv)
    ddiv_entry                               0x0800243f   Thumb Code     0  ddiv.o(x$fpl$ddiv)
    x$fpl$dflt                               0x080026ec   Section       46  dflt_clz.o(x$fpl$dflt)
    x$fpl$dfltu                              0x0800271a   Section       38  dflt_clz.o(x$fpl$dfltu)
    x$fpl$dleqf                              0x08002740   Section      120  dleqf.o(x$fpl$dleqf)
    x$fpl$dmul                               0x080027b8   Section      340  dmul.o(x$fpl$dmul)
    x$fpl$dnaninf                            0x0800290c   Section      156  dnaninf.o(x$fpl$dnaninf)
    x$fpl$dretinf                            0x080029a8   Section       12  dretinf.o(x$fpl$dretinf)
    x$fpl$drleqf                             0x080029b4   Section      108  drleqf.o(x$fpl$drleqf)
    x$fpl$drsb                               0x08002a20   Section       22  daddsub_clz.o(x$fpl$drsb)
    x$fpl$dsqrt                              0x08002a38   Section      460  dsqrt_noumaal.o(x$fpl$dsqrt)
    x$fpl$dsub                               0x08002c04   Section      476  daddsub_clz.o(x$fpl$dsub)
    _dsub1                                   0x08002c15   Thumb Code     0  daddsub_clz.o(x$fpl$dsub)
    x$fpl$f2d                                0x08002de0   Section       86  f2d.o(x$fpl$f2d)
    x$fpl$fadd                               0x08002e38   Section      196  faddsub_clz.o(x$fpl$fadd)
    _fadd1                                   0x08002e47   Thumb Code     0  faddsub_clz.o(x$fpl$fadd)
    x$fpl$fflt                               0x08002efc   Section       48  fflt_clz.o(x$fpl$fflt)
    x$fpl$fmul                               0x08002f2c   Section      258  fmul.o(x$fpl$fmul)
    x$fpl$fnaninf                            0x0800302e   Section      140  fnaninf.o(x$fpl$fnaninf)
    x$fpl$fretinf                            0x080030ba   Section       10  fretinf.o(x$fpl$fretinf)
    x$fpl$fsub                               0x080030c4   Section      234  faddsub_clz.o(x$fpl$fsub)
    _fsub1                                   0x080030d3   Thumb Code     0  faddsub_clz.o(x$fpl$fsub)
    x$fpl$retnan                             0x080031ae   Section      100  retnan.o(x$fpl$retnan)
    x$fpl$scalbn                             0x08003212   Section       92  scalbn.o(x$fpl$scalbn)
    x$fpl$trapveneer                         0x0800326e   Section       48  trapv.o(x$fpl$trapveneer)
    x$fpl$usenofp                            0x0800329e   Section        0  usenofp.o(x$fpl$usenofp)
    bp                                       0x080032a0   Data          16  pow.o(.constdata)
    .constdata                               0x080032a0   Section      136  pow.o(.constdata)
    dp_h                                     0x080032b0   Data          16  pow.o(.constdata)
    dp_l                                     0x080032c0   Data          16  pow.o(.constdata)
    L                                        0x080032d0   Data          48  pow.o(.constdata)
    P                                        0x08003300   Data          40  pow.o(.constdata)
    .constdata                               0x08003328   Section        8  qnan.o(.constdata)
    .bss                                     0x20000008   Section       96  libspace.o(.bss)
    Heap_Mem                                 0x20000a28   Data         512  startup_stm32f10x_md.o(HEAP)
    HEAP                                     0x20000a28   Section      512  startup_stm32f10x_md.o(HEAP)
    Stack_Mem                                0x20000c28   Data        1024  startup_stm32f10x_md.o(STACK)
    STACK                                    0x20000c28   Section     1024  startup_stm32f10x_md.o(STACK)
    __initial_sp                             0x20001028   Data           0  startup_stm32f10x_md.o(STACK)

    Global Symbols

    Symbol Name                              Value     Ov Type        Size  Object(Section)

    BuildAttributes$$THM_ISAv4$P$D$K$B$S$PE$A:L22UL41UL21$X:L11$S22US41US21$IEEE1$IW$~IW$USESV6$~STKCKD$USESV7$~SHL$OTIME$ROPI$IEEEX$EBA8$UX$STANDARDLIB$REQ8$PRES8$EABIv2 0x00000000   Number         0  anon$$obj.o ABSOLUTE
    __fp_init_empty                          0x00000000   Number         0  fpinit_empty.o ABSOLUTE
    __ARM_exceptions_init                     - Undefined Weak Reference
    __alloca_initialize                       - Undefined Weak Reference
    __arm_preinit_                            - Undefined Weak Reference
    __cpp_initialize__aeabi_                  - Undefined Weak Reference
    __cxa_finalize                            - Undefined Weak Reference
    __rt_locale                               - Undefined Weak Reference
    __sigvec_lookup                           - Undefined Weak Reference
    _atexit_init                              - Undefined Weak Reference
    _call_atexit_fns                          - Undefined Weak Reference
    _clock_init                               - Undefined Weak Reference
    _fp_trap_init                             - Undefined Weak Reference
    _fp_trap_shutdown                         - Undefined Weak Reference
    _get_lc_collate                           - Undefined Weak Reference
    _get_lc_ctype                             - Undefined Weak Reference
    _get_lc_monetary                          - Undefined Weak Reference
    _get_lc_numeric                           - Undefined Weak Reference
    _get_lc_time                              - Undefined Weak Reference
    _getenv_init                              - Undefined Weak Reference
    _handle_redirection                       - Undefined Weak Reference
    _init_alloc                               - Undefined Weak Reference
    _init_user_alloc                          - Undefined Weak Reference
    _initio                                   - Undefined Weak Reference
    _rand_init                                - Undefined Weak Reference
    _signal_finish                            - Undefined Weak Reference
    _signal_init                              - Undefined Weak Reference
    _terminate_alloc                          - Undefined Weak Reference
    _terminate_user_alloc                     - Undefined Weak Reference
    _terminateio                              - Undefined Weak Reference
    __Vectors_Size                           0x000000ec   Number         0  startup_stm32f10x_md.o ABSOLUTE
    __Vectors                                0x08000000   Data           4  startup_stm32f10x_md.o(RESET)
    __Vectors_End                            0x080000ec   Data           0  startup_stm32f10x_md.o(RESET)
    __main                                   0x080000ed   Thumb Code     8  __main.o(!!!main)
    __scatterload                            0x080000f5   Thumb Code     0  __scatter.o(!!!scatter)
    __scatterload_rt2                        0x080000f5   Thumb Code    44  __scatter.o(!!!scatter)
    __scatterload_rt2_thumb_only             0x080000f5   Thumb Code     0  __scatter.o(!!!scatter)
    __scatterload_null                       0x08000103   Thumb Code     0  __scatter.o(!!!scatter)
    __scatterload_copy                       0x08000129   Thumb Code    26  __scatter_copy.o(!!handler_copy)
    __scatterload_zeroinit                   0x08000145   Thumb Code    28  __scatter_zi.o(!!handler_zi)
    __rt_lib_init                            0x08000161   Thumb Code     0  libinit.o(.ARM.Collect$$libinit$$00000000)
    __rt_lib_init_alloca_1                   0x08000163   Thumb Code     0  libinit2.o(.ARM.Collect$$libinit$$0000002E)
    __rt_lib_init_argv_1                     0x08000163   Thumb Code     0  libinit2.o(.ARM.Collect$$libinit$$0000002C)
    __rt_lib_init_atexit_1                   0x08000163   Thumb Code     0  libinit2.o(.ARM.Collect$$libinit$$0000001B)
    __rt_lib_init_clock_1                    0x08000163   Thumb Code     0  libinit2.o(.ARM.Collect$$libinit$$00000021)
    __rt_lib_init_cpp_1                      0x08000163   Thumb Code     0  libinit2.o(.ARM.Collect$$libinit$$00000032)
    __rt_lib_init_exceptions_1               0x08000163   Thumb Code     0  libinit2.o(.ARM.Collect$$libinit$$00000030)
    __rt_lib_init_fp_1                       0x08000163   Thumb Code     0  libinit2.o(.ARM.Collect$$libinit$$00000002)
    __rt_lib_init_fp_trap_1                  0x08000163   Thumb Code     0  libinit2.o(.ARM.Collect$$libinit$$0000001F)
    __rt_lib_init_getenv_1                   0x08000163   Thumb Code     0  libinit2.o(.ARM.Collect$$libinit$$00000023)
    __rt_lib_init_heap_1                     0x08000163   Thumb Code     0  libinit2.o(.ARM.Collect$$libinit$$0000000A)
    __rt_lib_init_lc_collate_1               0x08000163   Thumb Code     0  libinit2.o(.ARM.Collect$$libinit$$00000011)
    __rt_lib_init_lc_ctype_1                 0x08000163   Thumb Code     0  libinit2.o(.ARM.Collect$$libinit$$00000013)
    __rt_lib_init_lc_monetary_1              0x08000163   Thumb Code     0  libinit2.o(.ARM.Collect$$libinit$$00000015)
    __rt_lib_init_lc_numeric_1               0x08000163   Thumb Code     0  libinit2.o(.ARM.Collect$$libinit$$00000017)
    __rt_lib_init_lc_time_1                  0x08000163   Thumb Code     0  libinit2.o(.ARM.Collect$$libinit$$00000019)
    __rt_lib_init_preinit_1                  0x08000163   Thumb Code     0  libinit2.o(.ARM.Collect$$libinit$$00000004)
    __rt_lib_init_rand_1                     0x08000163   Thumb Code     0  libinit2.o(.ARM.Collect$$libinit$$0000000E)
    __rt_lib_init_return                     0x08000163   Thumb Code     0  libinit2.o(.ARM.Collect$$libinit$$00000033)
    __rt_lib_init_signal_1                   0x08000163   Thumb Code     0  libinit2.o(.ARM.Collect$$libinit$$0000001D)
    __rt_lib_init_stdio_1                    0x08000163   Thumb Code     0  libinit2.o(.ARM.Collect$$libinit$$00000025)
    __rt_lib_init_user_alloc_1               0x08000163   Thumb Code     0  libinit2.o(.ARM.Collect$$libinit$$0000000C)
    __rt_lib_shutdown                        0x08000165   Thumb Code     0  libshutdown.o(.ARM.Collect$$libshutdown$$00000000)
    __rt_lib_shutdown_cpp_1                  0x08000167   Thumb Code     0  libshutdown2.o(.ARM.Collect$$libshutdown$$00000002)
    __rt_lib_shutdown_fp_trap_1              0x08000167   Thumb Code     0  libshutdown2.o(.ARM.Collect$$libshutdown$$00000007)
    __rt_lib_shutdown_heap_1                 0x08000167   Thumb Code     0  libshutdown2.o(.ARM.Collect$$libshutdown$$0000000F)
    __rt_lib_shutdown_return                 0x08000167   Thumb Code     0  libshutdown2.o(.ARM.Collect$$libshutdown$$00000010)
    __rt_lib_shutdown_signal_1               0x08000167   Thumb Code     0  libshutdown2.o(.ARM.Collect$$libshutdown$$0000000A)
    __rt_lib_shutdown_stdio_1                0x08000167   Thumb Code     0  libshutdown2.o(.ARM.Collect$$libshutdown$$00000004)
    __rt_lib_shutdown_user_alloc_1           0x08000167   Thumb Code     0  libshutdown2.o(.ARM.Collect$$libshutdown$$0000000C)
    __rt_entry                               0x08000169   Thumb Code     0  __rtentry.o(.ARM.Collect$$rtentry$$00000000)
    __rt_entry_presh_1                       0x08000169   Thumb Code     0  __rtentry2.o(.ARM.Collect$$rtentry$$00000002)
    __rt_entry_sh                            0x08000169   Thumb Code     0  __rtentry4.o(.ARM.Collect$$rtentry$$00000004)
    __rt_entry_li                            0x0800016f   Thumb Code     0  __rtentry2.o(.ARM.Collect$$rtentry$$0000000A)
    __rt_entry_postsh_1                      0x0800016f   Thumb Code     0  __rtentry2.o(.ARM.Collect$$rtentry$$00000009)
    __rt_entry_main                          0x08000173   Thumb Code     0  __rtentry2.o(.ARM.Collect$$rtentry$$0000000D)
    __rt_entry_postli_1                      0x08000173   Thumb Code     0  __rtentry2.o(.ARM.Collect$$rtentry$$0000000C)
    __rt_exit                                0x0800017b   Thumb Code     0  rtexit.o(.ARM.Collect$$rtexit$$00000000)
    __rt_exit_ls                             0x0800017d   Thumb Code     0  rtexit2.o(.ARM.Collect$$rtexit$$00000003)
    __rt_exit_prels_1                        0x0800017d   Thumb Code     0  rtexit2.o(.ARM.Collect$$rtexit$$00000002)
    __rt_exit_exit                           0x08000181   Thumb Code     0  rtexit2.o(.ARM.Collect$$rtexit$$00000004)
    Reset_Handler                            0x08000189   Thumb Code     8  startup_stm32f10x_md.o(.text)
    NMI_Handler                              0x08000191   Thumb Code     2  startup_stm32f10x_md.o(.text)
    HardFault_Handler                        0x08000193   Thumb Code     2  startup_stm32f10x_md.o(.text)
    MemManage_Handler                        0x08000195   Thumb Code     2  startup_stm32f10x_md.o(.text)
    BusFault_Handler                         0x08000197   Thumb Code     2  startup_stm32f10x_md.o(.text)
    UsageFault_Handler                       0x08000199   Thumb Code     2  startup_stm32f10x_md.o(.text)
    SVC_Handler                              0x0800019b   Thumb Code     2  startup_stm32f10x_md.o(.text)
    DebugMon_Handler                         0x0800019d   Thumb Code     2  startup_stm32f10x_md.o(.text)
    PendSV_Handler                           0x0800019f   Thumb Code     2  startup_stm32f10x_md.o(.text)
    CAN1_RX1_IRQHandler                      0x080001a3   Thumb Code     0  startup_stm32f10x_md.o(.text)
    CAN1_SCE_IRQHandler                      0x080001a3   Thumb Code     0  startup_stm32f10x_md.o(.text)
    DMA1_Channel1_IRQHandler                 0x080001a3   Thumb Code     0  startup_stm32f10x_md.o(.text)
    DMA1_Channel2_IRQHandler                 0x080001a3   Thumb Code     0  startup_stm32f10x_md.o(.text)
    DMA1_Channel3_IRQHandler                 0x080001a3   Thumb Code     0  startup_stm32f10x_md.o(.text)
    DMA1_Channel4_IRQHandler                 0x080001a3   Thumb Code     0  startup_stm32f10x_md.o(.text)
    DMA1_Channel5_IRQHandler                 0x080001a3   Thumb Code     0  startup_stm32f10x_md.o(.text)
    EXTI0_IRQHandler                         0x080001a3   Thumb Code     0  startup_stm32f10x_md.o(.text)
    EXTI15_10_IRQHandler                     0x080001a3   Thumb Code     0  startup_stm32f10x_md.o(.text)
    EXTI1_IRQHandler                         0x080001a3   Thumb Code     0  startup_stm32f10x_md.o(.text)
    EXTI2_IRQHandler                         0x080001a3   Thumb Code     0  startup_stm32f10x_md.o(.text)
    EXTI3_IRQHandler                         0x080001a3   Thumb Code     0  startup_stm32f10x_md.o(.text)
    EXTI4_IRQHandler                         0x080001a3   Thumb Code     0  startup_stm32f10x_md.o(.text)
    EXTI9_5_IRQHandler                       0x080001a3   Thumb Code     0  startup_stm32f10x_md.o(.text)
    FLASH_IRQHandler                         0x080001a3   Thumb Code     0  startup_stm32f10x_md.o(.text)
    I2C1_EV_IRQHandler                       0x080001a3   Thumb Code     0  startup_stm32f10x_md.o(.text)
    I2C2_ER_IRQHandler                       0x080001a3   Thumb Code     0  startup_stm32f10x_md.o(.text)
    I2C2_EV_IRQHandler                       0x080001a3   Thumb Code     0  startup_stm32f10x_md.o(.text)
    PVD_IRQHandler                           0x080001a3   Thumb Code     0  startup_stm32f10x_md.o(.text)
    RCC_IRQHandler                           0x080001a3   Thumb Code     0  startup_stm32f10x_md.o(.text)
    RTCAlarm_IRQHandler                      0x080001a3   Thumb Code     0  startup_stm32f10x_md.o(.text)
    RTC_IRQHandler                           0x080001a3   Thumb Code     0  startup_stm32f10x_md.o(.text)
    SPI1_IRQHandler                          0x080001a3   Thumb Code     0  startup_stm32f10x_md.o(.text)
    SPI2_IRQHandler                          0x080001a3   Thumb Code     0  startup_stm32f10x_md.o(.text)
    TAMPER_IRQHandler                        0x080001a3   Thumb Code     0  startup_stm32f10x_md.o(.text)
    TIM1_BRK_IRQHandler                      0x080001a3   Thumb Code     0  startup_stm32f10x_md.o(.text)
    TIM1_CC_IRQHandler                       0x080001a3   Thumb Code     0  startup_stm32f10x_md.o(.text)
    TIM1_TRG_COM_IRQHandler                  0x080001a3   Thumb Code     0  startup_stm32f10x_md.o(.text)
    TIM1_UP_IRQHandler                       0x080001a3   Thumb Code     0  startup_stm32f10x_md.o(.text)
    TIM2_IRQHandler                          0x080001a3   Thumb Code     0  startup_stm32f10x_md.o(.text)
    TIM3_IRQHandler                          0x080001a3   Thumb Code     0  startup_stm32f10x_md.o(.text)
    USART2_IRQHandler                        0x080001a3   Thumb Code     0  startup_stm32f10x_md.o(.text)
    USART3_IRQHandler                        0x080001a3   Thumb Code     0  startup_stm32f10x_md.o(.text)
    USBWakeUp_IRQHandler                     0x080001a3   Thumb Code     0  startup_stm32f10x_md.o(.text)
    USB_HP_CAN1_TX_IRQHandler                0x080001a3   Thumb Code     0  startup_stm32f10x_md.o(.text)
    USB_LP_CAN1_RX0_IRQHandler               0x080001a3   Thumb Code     0  startup_stm32f10x_md.o(.text)
    WWDG_IRQHandler                          0x080001a3   Thumb Code     0  startup_stm32f10x_md.o(.text)
    __user_initial_stackheap                 0x080001a5   Thumb Code     0  startup_stm32f10x_md.o(.text)
    abs                                      0x080001c9   Thumb Code     8  abs.o(.text)
    __use_two_region_memory                  0x080001d1   Thumb Code     2  heapauxi.o(.text)
    __rt_heap_escrow$2region                 0x080001d3   Thumb Code     2  heapauxi.o(.text)
    __rt_heap_expand$2region                 0x080001d5   Thumb Code     2  heapauxi.o(.text)
    __read_errno                             0x080001d7   Thumb Code    10  _rserrno.o(.text)
    __set_errno                              0x080001e1   Thumb Code    12  _rserrno.o(.text)
    __aeabi_errno_addr                       0x080001ed   Thumb Code     8  rt_errno_addr_intlibspace.o(.text)
    __errno$intlibspace                      0x080001ed   Thumb Code     0  rt_errno_addr_intlibspace.o(.text)
    __rt_errno_addr$intlibspace              0x080001ed   Thumb Code     0  rt_errno_addr_intlibspace.o(.text)
    __user_libspace                          0x080001f5   Thumb Code     8  libspace.o(.text)
    __user_perproc_libspace                  0x080001f5   Thumb Code     0  libspace.o(.text)
    __user_perthread_libspace                0x080001f5   Thumb Code     0  libspace.o(.text)
    __user_setup_stackheap                   0x080001fd   Thumb Code    74  sys_stackheap_outer.o(.text)
    exit                                     0x08000247   Thumb Code    18  exit.o(.text)
    _sys_exit                                0x08000259   Thumb Code     8  sys_exit.o(.text)
    __I$use$semihosting                      0x08000265   Thumb Code     0  use_no_semi.o(.text)
    __use_no_semihosting_swi                 0x08000265   Thumb Code     2  use_no_semi.o(.text)
    __semihosting_library_function           0x08000267   Thumb Code     0  indicate_semi.o(.text)
    ADC1_2_IRQHandler                        0x08000269   Thumb Code   122  adc.o(.text.ADC1_2_IRQHandler)
    ADC_Init                                 0x080002e5   Thumb Code   198  adc.o(.text.ADC_Init)
    DMA1_Channel6_IRQHandler                 0x080003ad   Thumb Code    64  i2c.o(.text.DMA1_Channel6_IRQHandler)
    DMA1_Channel7_IRQHandler                 0x080003ed   Thumb Code   126  i2c.o(.text.DMA1_Channel7_IRQHandler)
    DMA_I2C_Init                             0x0800046d   Thumb Code   116  i2c.o(.text.DMA_I2C_Init)
    DMA_RX_GO                                0x080004e1   Thumb Code    48  i2c.o(.text.DMA_RX_GO)
    DMA_TX_GO                                0x08000511   Thumb Code    48  i2c.o(.text.DMA_TX_GO)
    DMI_channel5_go                          0x08000541   Thumb Code    52  usart.o(.text.DMI_channel5_go)
    DMI_init                                 0x08000575   Thumb Code    94  usart.o(.text.DMI_init)
    DelayMicro                               0x080005d5   Thumb Code   112  spi.o(.text.DelayMicro)
    DelayMicros                              0x08000645   Thumb Code   112  spi.o(.text.DelayMicros)
    GetTicks                                 0x080006b5   Thumb Code    12  spi.o(.text.GetTicks)
    I2C1_ER_IRQHandler                       0x080006c1   Thumb Code    62  interrupt.o(.text.I2C1_ER_IRQHandler)
    I2C1_Init                                0x08000701   Thumb Code   174  i2c.o(.text.I2C1_Init)
    LM75A_Init                               0x080007b1   Thumb Code    16  i2c.o(.text.LM75A_Init)
    LM75A_SP_Write                           0x080007c1   Thumb Code    50  i2c.o(.text.LM75A_SP_Write)
    LM75A_TH_Write                           0x080007f5   Thumb Code    68  i2c.o(.text.LM75A_TH_Write)
    LM75A_T_READ                             0x08000839   Thumb Code    40  i2c.o(.text.LM75A_T_READ)
    LM75A_Tos_Write                          0x08000861   Thumb Code    66  i2c.o(.text.LM75A_Tos_Write)
    ReadData                                 0x080008a5   Thumb Code   138  spi.o(.text.ReadData)
    SPI1_Init                                0x08000931   Thumb Code   136  spi.o(.text.SPI1_Init)
    SPI_Transmit                             0x080009b9   Thumb Code   182  spi.o(.text.SPI_Transmit)
    SPI_TransmitReceive                      0x08000a71   Thumb Code   222  spi.o(.text.SPI_TransmitReceive)
    Send_Addr                                0x08000b51   Thumb Code   112  i2c.o(.text.Send_Addr)
    SysTick_Handler                          0x08000ced   Thumb Code    16  spi.o(.text.SysTick_Handler)
    SystemCoreClockConfigure                 0x08000cfd   Thumb Code   194  my_lib.o(.text.SystemCoreClockConfigure)
    SystemCoreClockUpdate                    0x08000dc1   Thumb Code   290  system_stm32f10x.o(.text.SystemCoreClockUpdate)
    SystemInit                               0x08000ee5   Thumb Code   102  system_stm32f10x.o(.text.SystemInit)
    TIM2_Init                                0x08000f4d   Thumb Code    90  adc.o(.text.TIM2_Init)
    TIM4_IRQHandler                          0x08000fa9   Thumb Code   160  interrupt.o(.text.TIM4_IRQHandler)
    TIM4_Init                                0x08001049   Thumb Code   108  i2c.o(.text.TIM4_Init)
    USART1_IRQHandler                        0x080010b5   Thumb Code   136  interrupt.o(.text.USART1_IRQHandler)
    USART_init                               0x0800113d   Thumb Code   210  usart.o(.text.USART_init)
    WriteData                                0x08001211   Thumb Code   142  spi.o(.text.WriteData)
    WriteEnableOrDisable                     0x080012a1   Thumb Code    94  spi.o(.text.WriteEnableOrDisable)
    convert                                  0x08001391   Thumb Code    20  ds18b20.o(.text.convert)
    ds18b20                                  0x080013a5   Thumb Code    72  ds18b20.o(.text.ds18b20)
    initial_ds18b20                          0x080013ed   Thumb Code    94  ds18b20.o(.text.initial_ds18b20)
    main                                     0x0800144d   Thumb Code    64  main.o(.text.main)
    read_Byte                                0x0800148d   Thumb Code   126  ds18b20.o(.text.read_Byte)
    read_T                                   0x0800150d   Thumb Code   382  ds18b20.o(.text.read_T)
    send_Byte                                0x0800168d   Thumb Code   134  ds18b20.o(.text.send_Byte)
    __ARM_fpclassify                         0x08001713   Thumb Code    40  fpclassify.o(i.__ARM_fpclassify)
    __kernel_poly                            0x0800173b   Thumb Code   170  poly.o(i.__kernel_poly)
    __mathlib_dbl_divzero                    0x080017e5   Thumb Code    12  dunder.o(i.__mathlib_dbl_divzero)
    __mathlib_dbl_infnan2                    0x080017f5   Thumb Code     4  dunder.o(i.__mathlib_dbl_infnan2)
    __mathlib_dbl_invalid                    0x080017f9   Thumb Code    12  dunder.o(i.__mathlib_dbl_invalid)
    __mathlib_dbl_overflow                   0x08001805   Thumb Code    14  dunder.o(i.__mathlib_dbl_overflow)
    __mathlib_dbl_underflow                  0x08001815   Thumb Code    10  dunder.o(i.__mathlib_dbl_underflow)
    pow                                      0x08001825   Thumb Code  2532  pow.o(i.pow)
    sqrt                                     0x08002211   Thumb Code    76  sqrt.o(i.sqrt)
    __aeabi_d2f                              0x0800225d   Thumb Code     0  d2f.o(x$fpl$d2f)
    _d2f                                     0x0800225d   Thumb Code    98  d2f.o(x$fpl$d2f)
    __aeabi_dadd                             0x080022c1   Thumb Code     0  daddsub_clz.o(x$fpl$dadd)
    _dadd                                    0x080022c1   Thumb Code   332  daddsub_clz.o(x$fpl$dadd)
    __fpl_dcheck_NaN1                        0x08002411   Thumb Code    10  dcheck1.o(x$fpl$dcheck1)
    __fpl_dcmp_Inf                           0x08002421   Thumb Code    24  dcmpi.o(x$fpl$dcmpinf)
    __aeabi_ddiv                             0x08002439   Thumb Code     0  ddiv.o(x$fpl$ddiv)
    _ddiv                                    0x08002439   Thumb Code   556  ddiv.o(x$fpl$ddiv)
    __aeabi_i2d                              0x080026ed   Thumb Code     0  dflt_clz.o(x$fpl$dflt)
    _dflt                                    0x080026ed   Thumb Code    46  dflt_clz.o(x$fpl$dflt)
    __aeabi_ui2d                             0x0800271b   Thumb Code     0  dflt_clz.o(x$fpl$dfltu)
    _dfltu                                   0x0800271b   Thumb Code    38  dflt_clz.o(x$fpl$dfltu)
    __aeabi_cdcmple                          0x08002741   Thumb Code     0  dleqf.o(x$fpl$dleqf)
    _dcmple                                  0x08002741   Thumb Code   120  dleqf.o(x$fpl$dleqf)
    __fpl_dcmple_InfNaN                      0x080027a3   Thumb Code     0  dleqf.o(x$fpl$dleqf)
    __aeabi_dmul                             0x080027b9   Thumb Code     0  dmul.o(x$fpl$dmul)
    _dmul                                    0x080027b9   Thumb Code   332  dmul.o(x$fpl$dmul)
    __fpl_dnaninf                            0x0800290d   Thumb Code   156  dnaninf.o(x$fpl$dnaninf)
    __fpl_dretinf                            0x080029a9   Thumb Code    12  dretinf.o(x$fpl$dretinf)
    __aeabi_cdrcmple                         0x080029b5   Thumb Code     0  drleqf.o(x$fpl$drleqf)
    _drcmple                                 0x080029b5   Thumb Code   108  drleqf.o(x$fpl$drleqf)
    __aeabi_drsub                            0x08002a21   Thumb Code     0  daddsub_clz.o(x$fpl$drsb)
    _drsb                                    0x08002a21   Thumb Code    22  daddsub_clz.o(x$fpl$drsb)
    _dsqrt                                   0x08002a39   Thumb Code   456  dsqrt_noumaal.o(x$fpl$dsqrt)
    __aeabi_dsub                             0x08002c05   Thumb Code     0  daddsub_clz.o(x$fpl$dsub)
    _dsub                                    0x08002c05   Thumb Code   472  daddsub_clz.o(x$fpl$dsub)
    __aeabi_f2d                              0x08002de1   Thumb Code     0  f2d.o(x$fpl$f2d)
    _f2d                                     0x08002de1   Thumb Code    86  f2d.o(x$fpl$f2d)
    __aeabi_fadd                             0x08002e39   Thumb Code     0  faddsub_clz.o(x$fpl$fadd)
    _fadd                                    0x08002e39   Thumb Code   196  faddsub_clz.o(x$fpl$fadd)
    __aeabi_i2f                              0x08002efd   Thumb Code     0  fflt_clz.o(x$fpl$fflt)
    _fflt                                    0x08002efd   Thumb Code    48  fflt_clz.o(x$fpl$fflt)
    __aeabi_fmul                             0x08002f2d   Thumb Code     0  fmul.o(x$fpl$fmul)
    _fmul                                    0x08002f2d   Thumb Code   258  fmul.o(x$fpl$fmul)
    __fpl_fnaninf                            0x0800302f   Thumb Code   140  fnaninf.o(x$fpl$fnaninf)
    __fpl_fretinf                            0x080030bb   Thumb Code    10  fretinf.o(x$fpl$fretinf)
    __aeabi_fsub                             0x080030c5   Thumb Code     0  faddsub_clz.o(x$fpl$fsub)
    _fsub                                    0x080030c5   Thumb Code   234  faddsub_clz.o(x$fpl$fsub)
    __fpl_return_NaN                         0x080031af   Thumb Code   100  retnan.o(x$fpl$retnan)
    __ARM_scalbn                             0x08003213   Thumb Code    92  scalbn.o(x$fpl$scalbn)
    __fpl_cmpreturn                          0x0800326f   Thumb Code    48  trapv.o(x$fpl$trapveneer)
    __I$use$fp                               0x0800329e   Number         0  usenofp.o(x$fpl$usenofp)
    __mathlib_zero                           0x08003328   Data           8  qnan.o(.constdata)
    AHBPrescTable                            0x08003330   Data          16  system_stm32f10x.o(.rodata.AHBPrescTable)
    Region$$Table$$Base                      0x08003340   Number         0  anon$$obj.o(Region$$Table)
    Region$$Table$$Limit                     0x08003360   Number         0  anon$$obj.o(Region$$Table)
    SystemCoreClock                          0x20000000   Data           4  system_stm32f10x.o(.data.SystemCoreClock)
    __libspace_start                         0x20000008   Data          96  libspace.o(.bss)
    BUFFER_RX                                0x20000068   Data        1200  interrupt.o(.bss.BUFFER_RX)
    __temporary_stack_top$libspace           0x20000068   Data           0  libspace.o(.bss)
    BUFFER_TX                                0x20000518   Data        1200  interrupt.o(.bss.BUFFER_TX)
    BUFF_RX                                  0x200009c8   Data          10  i2c.o(.bss.BUFF_RX)
    BUFF_TX                                  0x200009d2   Data          10  i2c.o(.bss.BUFF_TX)
    RX_BUFF                                  0x200009dc   Data          50  usart.o(.bss.RX_BUFF)
    T_ADC                                    0x20000a10   Data           4  adc.o(.bss.T_ADC)
    T_I2C                                    0x20000a14   Data           4  i2c.o(.bss.T_I2C)
    T_ds18b20                                0x20000a18   Data           4  ds18b20.o(.bss.T_ds18b20)
    U                                        0x20000a1c   Data           4  adc.o(.bss.U)
    msTicks                                  0x20000a20   Data           4  spi.o(.bss.msTicks)
    ptr                                      0x20000a24   Data           4  interrupt.o(.bss.ptr)



==============================================================================

Memory Map of the image

  Image Entry point : 0x08000189

  Load Region LR_1 (Base: 0x08000000, Size: 0x00003364, Max: 0xffffffff, ABSOLUTE)

    Execution Region ER_RO (Exec base: 0x08000000, Load base: 0x08000000, Size: 0x00003360, Max: 0xffffffff, ABSOLUTE)

    Exec Addr    Load Addr    Size         Type   Attr      Idx    E Section Name        Object

    0x08000000   0x08000000   0x000000ec   Data   RO          175    RESET               startup_stm32f10x_md.o
    0x080000ec   0x080000ec   0x00000008   Code   RO          205  * !!!main             c_w.l(__main.o)
    0x080000f4   0x080000f4   0x00000034   Code   RO          464    !!!scatter          c_w.l(__scatter.o)
    0x08000128   0x08000128   0x0000001a   Code   RO          466    !!handler_copy      c_w.l(__scatter_copy.o)
    0x08000142   0x08000142   0x00000002   PAD
    0x08000144   0x08000144   0x0000001c   Code   RO          468    !!handler_zi        c_w.l(__scatter_zi.o)
    0x08000160   0x08000160   0x00000002   Code   RO          325    .ARM.Collect$$libinit$$00000000  c_w.l(libinit.o)
    0x08000162   0x08000162   0x00000000   Code   RO          333    .ARM.Collect$$libinit$$00000002  c_w.l(libinit2.o)
    0x08000162   0x08000162   0x00000000   Code   RO          335    .ARM.Collect$$libinit$$00000004  c_w.l(libinit2.o)
    0x08000162   0x08000162   0x00000000   Code   RO          338    .ARM.Collect$$libinit$$0000000A  c_w.l(libinit2.o)
    0x08000162   0x08000162   0x00000000   Code   RO          340    .ARM.Collect$$libinit$$0000000C  c_w.l(libinit2.o)
    0x08000162   0x08000162   0x00000000   Code   RO          342    .ARM.Collect$$libinit$$0000000E  c_w.l(libinit2.o)
    0x08000162   0x08000162   0x00000000   Code   RO          345    .ARM.Collect$$libinit$$00000011  c_w.l(libinit2.o)
    0x08000162   0x08000162   0x00000000   Code   RO          347    .ARM.Collect$$libinit$$00000013  c_w.l(libinit2.o)
    0x08000162   0x08000162   0x00000000   Code   RO          349    .ARM.Collect$$libinit$$00000015  c_w.l(libinit2.o)
    0x08000162   0x08000162   0x00000000   Code   RO          351    .ARM.Collect$$libinit$$00000017  c_w.l(libinit2.o)
    0x08000162   0x08000162   0x00000000   Code   RO          353    .ARM.Collect$$libinit$$00000019  c_w.l(libinit2.o)
    0x08000162   0x08000162   0x00000000   Code   RO          355    .ARM.Collect$$libinit$$0000001B  c_w.l(libinit2.o)
    0x08000162   0x08000162   0x00000000   Code   RO          357    .ARM.Collect$$libinit$$0000001D  c_w.l(libinit2.o)
    0x08000162   0x08000162   0x00000000   Code   RO          359    .ARM.Collect$$libinit$$0000001F  c_w.l(libinit2.o)
    0x08000162   0x08000162   0x00000000   Code   RO          361    .ARM.Collect$$libinit$$00000021  c_w.l(libinit2.o)
    0x08000162   0x08000162   0x00000000   Code   RO          363    .ARM.Collect$$libinit$$00000023  c_w.l(libinit2.o)
    0x08000162   0x08000162   0x00000000   Code   RO          365    .ARM.Collect$$libinit$$00000025  c_w.l(libinit2.o)
    0x08000162   0x08000162   0x00000000   Code   RO          369    .ARM.Collect$$libinit$$0000002C  c_w.l(libinit2.o)
    0x08000162   0x08000162   0x00000000   Code   RO          371    .ARM.Collect$$libinit$$0000002E  c_w.l(libinit2.o)
    0x08000162   0x08000162   0x00000000   Code   RO          373    .ARM.Collect$$libinit$$00000030  c_w.l(libinit2.o)
    0x08000162   0x08000162   0x00000000   Code   RO          375    .ARM.Collect$$libinit$$00000032  c_w.l(libinit2.o)
    0x08000162   0x08000162   0x00000002   Code   RO          376    .ARM.Collect$$libinit$$00000033  c_w.l(libinit2.o)
    0x08000164   0x08000164   0x00000002   Code   RO          400    .ARM.Collect$$libshutdown$$00000000  c_w.l(libshutdown.o)
    0x08000166   0x08000166   0x00000000   Code   RO          415    .ARM.Collect$$libshutdown$$00000002  c_w.l(libshutdown2.o)
    0x08000166   0x08000166   0x00000000   Code   RO          417    .ARM.Collect$$libshutdown$$00000004  c_w.l(libshutdown2.o)
    0x08000166   0x08000166   0x00000000   Code   RO          420    .ARM.Collect$$libshutdown$$00000007  c_w.l(libshutdown2.o)
    0x08000166   0x08000166   0x00000000   Code   RO          423    .ARM.Collect$$libshutdown$$0000000A  c_w.l(libshutdown2.o)
    0x08000166   0x08000166   0x00000000   Code   RO          425    .ARM.Collect$$libshutdown$$0000000C  c_w.l(libshutdown2.o)
    0x08000166   0x08000166   0x00000000   Code   RO          428    .ARM.Collect$$libshutdown$$0000000F  c_w.l(libshutdown2.o)
    0x08000166   0x08000166   0x00000002   Code   RO          429    .ARM.Collect$$libshutdown$$00000010  c_w.l(libshutdown2.o)
    0x08000168   0x08000168   0x00000000   Code   RO          248    .ARM.Collect$$rtentry$$00000000  c_w.l(__rtentry.o)
    0x08000168   0x08000168   0x00000000   Code   RO          288    .ARM.Collect$$rtentry$$00000002  c_w.l(__rtentry2.o)
    0x08000168   0x08000168   0x00000006   Code   RO          300    .ARM.Collect$$rtentry$$00000004  c_w.l(__rtentry4.o)
    0x0800016e   0x0800016e   0x00000000   Code   RO          290    .ARM.Collect$$rtentry$$00000009  c_w.l(__rtentry2.o)
    0x0800016e   0x0800016e   0x00000004   Code   RO          291    .ARM.Collect$$rtentry$$0000000A  c_w.l(__rtentry2.o)
    0x08000172   0x08000172   0x00000000   Code   RO          293    .ARM.Collect$$rtentry$$0000000C  c_w.l(__rtentry2.o)
    0x08000172   0x08000172   0x00000008   Code   RO          294    .ARM.Collect$$rtentry$$0000000D  c_w.l(__rtentry2.o)
    0x0800017a   0x0800017a   0x00000002   Code   RO          330    .ARM.Collect$$rtexit$$00000000  c_w.l(rtexit.o)
    0x0800017c   0x0800017c   0x00000000   Code   RO          380    .ARM.Collect$$rtexit$$00000002  c_w.l(rtexit2.o)
    0x0800017c   0x0800017c   0x00000004   Code   RO          381    .ARM.Collect$$rtexit$$00000003  c_w.l(rtexit2.o)
    0x08000180   0x08000180   0x00000006   Code   RO          382    .ARM.Collect$$rtexit$$00000004  c_w.l(rtexit2.o)
    0x08000186   0x08000186   0x00000002   PAD
    0x08000188   0x08000188   0x00000040   Code   RO          176  * .text               startup_stm32f10x_md.o
    0x080001c8   0x080001c8   0x00000008   Code   RO          201    .text               c_w.l(abs.o)
    0x080001d0   0x080001d0   0x00000006   Code   RO          203    .text               c_w.l(heapauxi.o)
    0x080001d6   0x080001d6   0x00000016   Code   RO          249    .text               c_w.l(_rserrno.o)
    0x080001ec   0x080001ec   0x00000008   Code   RO          305    .text               c_w.l(rt_errno_addr_intlibspace.o)
    0x080001f4   0x080001f4   0x00000008   Code   RO          313    .text               c_w.l(libspace.o)
    0x080001fc   0x080001fc   0x0000004a   Code   RO          316    .text               c_w.l(sys_stackheap_outer.o)
    0x08000246   0x08000246   0x00000012   Code   RO          318    .text               c_w.l(exit.o)
    0x08000258   0x08000258   0x0000000c   Code   RO          390    .text               c_w.l(sys_exit.o)
    0x08000264   0x08000264   0x00000002   Code   RO          405    .text               c_w.l(use_no_semi.o)
    0x08000266   0x08000266   0x00000000   Code   RO          407    .text               c_w.l(indicate_semi.o)
    0x08000266   0x08000266   0x00000002   PAD
    0x08000268   0x08000268   0x0000007a   Code   RO           93    .text.ADC1_2_IRQHandler  adc.o
    0x080002e2   0x080002e2   0x00000002   PAD
    0x080002e4   0x080002e4   0x000000c6   Code   RO           89    .text.ADC_Init      adc.o
    0x080003aa   0x080003aa   0x00000002   PAD
    0x080003ac   0x080003ac   0x00000040   Code   RO           50    .text.DMA1_Channel6_IRQHandler  i2c.o
    0x080003ec   0x080003ec   0x0000007e   Code   RO           52    .text.DMA1_Channel7_IRQHandler  i2c.o
    0x0800046a   0x0800046a   0x00000002   PAD
    0x0800046c   0x0800046c   0x00000074   Code   RO           44    .text.DMA_I2C_Init  i2c.o
    0x080004e0   0x080004e0   0x00000030   Code   RO           48    .text.DMA_RX_GO     i2c.o
    0x08000510   0x08000510   0x00000030   Code   RO           46    .text.DMA_TX_GO     i2c.o
    0x08000540   0x08000540   0x00000034   Code   RO          158    .text.DMI_channel5_go  usart.o
    0x08000574   0x08000574   0x0000005e   Code   RO          160    .text.DMI_init      usart.o
    0x080005d2   0x080005d2   0x00000002   PAD
    0x080005d4   0x080005d4   0x00000070   Code   RO          106    .text.DelayMicro    spi.o
    0x08000644   0x08000644   0x00000070   Code   RO          110    .text.DelayMicros   spi.o
    0x080006b4   0x080006b4   0x0000000c   Code   RO          108    .text.GetTicks      spi.o
    0x080006c0   0x080006c0   0x0000003e   Code   RO           24    .text.I2C1_ER_IRQHandler  interrupt.o
    0x080006fe   0x080006fe   0x00000002   PAD
    0x08000700   0x08000700   0x000000ae   Code   RO           42    .text.I2C1_Init     i2c.o
    0x080007ae   0x080007ae   0x00000002   PAD
    0x080007b0   0x080007b0   0x00000010   Code   RO           64    .text.LM75A_Init    i2c.o
    0x080007c0   0x080007c0   0x00000032   Code   RO           66    .text.LM75A_SP_Write  i2c.o
    0x080007f2   0x080007f2   0x00000002   PAD
    0x080007f4   0x080007f4   0x00000044   Code   RO           60    .text.LM75A_TH_Write  i2c.o
    0x08000838   0x08000838   0x00000028   Code   RO           74    .text.LM75A_T_READ  i2c.o
    0x08000860   0x08000860   0x00000042   Code   RO           58    .text.LM75A_Tos_Write  i2c.o
    0x080008a2   0x080008a2   0x00000002   PAD
    0x080008a4   0x080008a4   0x0000008a   Code   RO          122    .text.ReadData      spi.o
    0x0800092e   0x0800092e   0x00000002   PAD
    0x08000930   0x08000930   0x00000088   Code   RO          112    .text.SPI1_Init     spi.o
    0x080009b8   0x080009b8   0x000000b6   Code   RO          114    .text.SPI_Transmit  spi.o
    0x08000a6e   0x08000a6e   0x00000002   PAD
    0x08000a70   0x08000a70   0x000000de   Code   RO          116    .text.SPI_TransmitReceive  spi.o
    0x08000b4e   0x08000b4e   0x00000002   PAD
    0x08000b50   0x08000b50   0x00000070   Code   RO           54    .text.Send_Addr     i2c.o
    0x08000bc0   0x08000bc0   0x00000008   Code   RO          185    .text.SetSysClock   system_stm32f10x.o
    0x08000bc8   0x08000bc8   0x00000122   Code   RO          189    .text.SetSysClockTo72  system_stm32f10x.o
    0x08000cea   0x08000cea   0x00000002   PAD
    0x08000cec   0x08000cec   0x00000010   Code   RO          104    .text.SysTick_Handler  spi.o
    0x08000cfc   0x08000cfc   0x000000c2   Code   RO           11    .text.SystemCoreClockConfigure  my_lib.o
    0x08000dbe   0x08000dbe   0x00000002   PAD
    0x08000dc0   0x08000dc0   0x00000122   Code   RO          187    .text.SystemCoreClockUpdate  system_stm32f10x.o
    0x08000ee2   0x08000ee2   0x00000002   PAD
    0x08000ee4   0x08000ee4   0x00000066   Code   RO          183    .text.SystemInit    system_stm32f10x.o
    0x08000f4a   0x08000f4a   0x00000002   PAD
    0x08000f4c   0x08000f4c   0x0000005a   Code   RO           87    .text.TIM2_Init     adc.o
    0x08000fa6   0x08000fa6   0x00000002   PAD
    0x08000fa8   0x08000fa8   0x000000a0   Code   RO           22    .text.TIM4_IRQHandler  interrupt.o
    0x08001048   0x08001048   0x0000006c   Code   RO           38    .text.TIM4_Init     i2c.o
    0x080010b4   0x080010b4   0x00000088   Code   RO           26    .text.USART1_IRQHandler  interrupt.o
    0x0800113c   0x0800113c   0x000000d2   Code   RO          162    .text.USART_init    usart.o
    0x0800120e   0x0800120e   0x00000002   PAD
    0x08001210   0x08001210   0x0000008e   Code   RO          120    .text.WriteData     spi.o
    0x0800129e   0x0800129e   0x00000002   PAD
    0x080012a0   0x080012a0   0x0000005e   Code   RO          118    .text.WriteEnableOrDisable  spi.o
    0x080012fe   0x080012fe   0x00000002   PAD
    0x08001300   0x08001300   0x00000030   Code   RO           40    .text.__NVIC_EnableIRQ  i2c.o
    0x08001330   0x08001330   0x00000030   Code   RO           91    .text.__NVIC_EnableIRQ  adc.o
    0x08001360   0x08001360   0x00000030   Code   RO          164    .text.__NVIC_EnableIRQ  usart.o
    0x08001390   0x08001390   0x00000014   Code   RO          134    .text.convert       ds18b20.o
    0x080013a4   0x080013a4   0x00000048   Code   RO          132    .text.ds18b20       ds18b20.o
    0x080013ec   0x080013ec   0x0000005e   Code   RO          140    .text.initial_ds18b20  ds18b20.o
    0x0800144a   0x0800144a   0x00000002   PAD
    0x0800144c   0x0800144c   0x00000040   Code   RO            2    .text.main          main.o
    0x0800148c   0x0800148c   0x0000007e   Code   RO          142    .text.read_Byte     ds18b20.o
    0x0800150a   0x0800150a   0x00000002   PAD
    0x0800150c   0x0800150c   0x0000017e   Code   RO          138    .text.read_T        ds18b20.o
    0x0800168a   0x0800168a   0x00000002   PAD
    0x0800168c   0x0800168c   0x00000086   Code   RO          136    .text.send_Byte     ds18b20.o
    0x08001712   0x08001712   0x00000028   Code   RO          278    i.__ARM_fpclassify  m_ws.l(fpclassify.o)
    0x0800173a   0x0800173a   0x000000aa   Code   RO          280    i.__kernel_poly     m_ws.l(poly.o)
    0x080017e4   0x080017e4   0x00000010   Code   RO          264    i.__mathlib_dbl_divzero  m_ws.l(dunder.o)
    0x080017f4   0x080017f4   0x00000004   Code   RO          266    i.__mathlib_dbl_infnan2  m_ws.l(dunder.o)
    0x080017f8   0x080017f8   0x0000000c   Code   RO          267    i.__mathlib_dbl_invalid  m_ws.l(dunder.o)
    0x08001804   0x08001804   0x0000000e   Code   RO          268    i.__mathlib_dbl_overflow  m_ws.l(dunder.o)
    0x08001812   0x08001812   0x00000002   PAD
    0x08001814   0x08001814   0x00000010   Code   RO          270    i.__mathlib_dbl_underflow  m_ws.l(dunder.o)
    0x08001824   0x08001824   0x000009ec   Code   RO          244    i.pow               m_ws.l(pow.o)
    0x08002210   0x08002210   0x0000004c   Code   RO          284    i.sqrt              m_ws.l(sqrt.o)
    0x0800225c   0x0800225c   0x00000062   Code   RO          207    x$fpl$d2f           fz_ws.l(d2f.o)
    0x080022be   0x080022be   0x00000002   PAD
    0x080022c0   0x080022c0   0x00000150   Code   RO          209    x$fpl$dadd          fz_ws.l(daddsub_clz.o)
    0x08002410   0x08002410   0x00000010   Code   RO          307    x$fpl$dcheck1       fz_ws.l(dcheck1.o)
    0x08002420   0x08002420   0x00000018   Code   RO          326    x$fpl$dcmpinf       fz_ws.l(dcmpi.o)
    0x08002438   0x08002438   0x000002b4   Code   RO          216    x$fpl$ddiv          fz_ws.l(ddiv.o)
    0x080026ec   0x080026ec   0x0000002e   Code   RO          220    x$fpl$dflt          fz_ws.l(dflt_clz.o)
    0x0800271a   0x0800271a   0x00000026   Code   RO          219    x$fpl$dfltu         fz_ws.l(dflt_clz.o)
    0x08002740   0x08002740   0x00000078   Code   RO          309    x$fpl$dleqf         fz_ws.l(dleqf.o)
    0x080027b8   0x080027b8   0x00000154   Code   RO          225    x$fpl$dmul          fz_ws.l(dmul.o)
    0x0800290c   0x0800290c   0x0000009c   Code   RO          251    x$fpl$dnaninf       fz_ws.l(dnaninf.o)
    0x080029a8   0x080029a8   0x0000000c   Code   RO          253    x$fpl$dretinf       fz_ws.l(dretinf.o)
    0x080029b4   0x080029b4   0x0000006c   Code   RO          255    x$fpl$drleqf        fz_ws.l(drleqf.o)
    0x08002a20   0x08002a20   0x00000016   Code   RO          210    x$fpl$drsb          fz_ws.l(daddsub_clz.o)
    0x08002a36   0x08002a36   0x00000002   PAD
    0x08002a38   0x08002a38   0x000001cc   Code   RO          311    x$fpl$dsqrt         fz_ws.l(dsqrt_noumaal.o)
    0x08002c04   0x08002c04   0x000001dc   Code   RO          211    x$fpl$dsub          fz_ws.l(daddsub_clz.o)
    0x08002de0   0x08002de0   0x00000056   Code   RO          227    x$fpl$f2d           fz_ws.l(f2d.o)
    0x08002e36   0x08002e36   0x00000002   PAD
    0x08002e38   0x08002e38   0x000000c4   Code   RO          229    x$fpl$fadd          fz_ws.l(faddsub_clz.o)
    0x08002efc   0x08002efc   0x00000030   Code   RO          236    x$fpl$fflt          fz_ws.l(fflt_clz.o)
    0x08002f2c   0x08002f2c   0x00000102   Code   RO          241    x$fpl$fmul          fz_ws.l(fmul.o)
    0x0800302e   0x0800302e   0x0000008c   Code   RO          257    x$fpl$fnaninf       fz_ws.l(fnaninf.o)
    0x080030ba   0x080030ba   0x0000000a   Code   RO          259    x$fpl$fretinf       fz_ws.l(fretinf.o)
    0x080030c4   0x080030c4   0x000000ea   Code   RO          231    x$fpl$fsub          fz_ws.l(faddsub_clz.o)
    0x080031ae   0x080031ae   0x00000064   Code   RO          328    x$fpl$retnan        fz_ws.l(retnan.o)
    0x08003212   0x08003212   0x0000005c   Code   RO          261    x$fpl$scalbn        fz_ws.l(scalbn.o)
    0x0800326e   0x0800326e   0x00000030   Code   RO          377    x$fpl$trapveneer    fz_ws.l(trapv.o)
    0x0800329e   0x0800329e   0x00000000   Code   RO          263    x$fpl$usenofp       fz_ws.l(usenofp.o)
    0x0800329e   0x0800329e   0x00000002   PAD
    0x080032a0   0x080032a0   0x00000088   Data   RO          245    .constdata          m_ws.l(pow.o)
    0x08003328   0x08003328   0x00000008   Data   RO          282    .constdata          m_ws.l(qnan.o)
    0x08003330   0x08003330   0x00000010   Data   RO          192    .rodata.AHBPrescTable  system_stm32f10x.o
    0x08003340   0x08003340   0x00000020   Data   RO          463    Region$$Table       anon$$obj.o


    Execution Region ER_RW (Exec base: 0x20000000, Load base: 0x08003360, Size: 0x00000004, Max: 0xffffffff, ABSOLUTE)

    Exec Addr    Load Addr    Size         Type   Attr      Idx    E Section Name        Object

    0x20000000   0x08003360   0x00000004   Data   RW          191    .data.SystemCoreClock  system_stm32f10x.o


    Execution Region ER_ZI (Exec base: 0x20000008, Load base: 0x08003364, Size: 0x00001020, Max: 0xffffffff, ABSOLUTE)

    Exec Addr    Load Addr    Size         Type   Attr      Idx    E Section Name        Object

    0x20000008        -       0x00000060   Zero   RW          314    .bss                c_w.l(libspace.o)
    0x20000068        -       0x000004b0   Zero   RW           30    .bss.BUFFER_RX      interrupt.o
    0x20000518        -       0x000004b0   Zero   RW           29    .bss.BUFFER_TX      interrupt.o
    0x200009c8        -       0x0000000a   Zero   RW           76    .bss.BUFF_RX        i2c.o
    0x200009d2        -       0x0000000a   Zero   RW           78    .bss.BUFF_TX        i2c.o
    0x200009dc        -       0x00000032   Zero   RW          166    .bss.RX_BUFF        usart.o
    0x20000a0e   0x08003364   0x00000002   PAD
    0x20000a10        -       0x00000004   Zero   RW           96    .bss.T_ADC          adc.o
    0x20000a14        -       0x00000004   Zero   RW           77    .bss.T_I2C          i2c.o
    0x20000a18        -       0x00000004   Zero   RW          148    .bss.T_ds18b20      ds18b20.o
    0x20000a1c        -       0x00000004   Zero   RW           95    .bss.U              adc.o
    0x20000a20        -       0x00000004   Zero   RW          124    .bss.msTicks        spi.o
    0x20000a24        -       0x00000004   Zero   RW           28    .bss.ptr            interrupt.o
    0x20000a28        -       0x00000200   Zero   RW          174    HEAP                startup_stm32f10x_md.o
    0x20000c28        -       0x00000400   Zero   RW          173    STACK               startup_stm32f10x_md.o


==============================================================================

Image component sizes


      Code (inc. data)   RO Data    RW Data    ZI Data      Debug   Object Name

       458          0          0          0          8       4535   adc.o
       828          0          0          0          4       2558   ds18b20.o
      1084          0          0          0         24       6684   i2c.o
       358          0          0          0       2404       2794   interrupt.o
        64          0          0          0          0        413   main.o
       194          0          0          0          0       1238   my_lib.o
      1166          0          0          0          4       3843   spi.o
        64         26        236          0       1536        840   startup_stm32f10x_md.o
       690          0         16          4          0       2903   system_stm32f10x.o
       404          0          0          0         50       3879   usart.o

    ----------------------------------------------------------------------
      5354         26        284          4       4032      29687   Object Totals
         0          0         32          0          0          0   (incl. Generated)
        44          0          0          0          2          0   (incl. Padding)

    ----------------------------------------------------------------------

      Code (inc. data)   RO Data    RW Data    ZI Data      Debug   Library Member Name

         8          0          0          0          0         68   __main.o
         0          0          0          0          0          0   __rtentry.o
        12          0          0          0          0          0   __rtentry2.o
         6          0          0          0          0          0   __rtentry4.o
        52          8          0          0          0          0   __scatter.o
        26          0          0          0          0          0   __scatter_copy.o
        28          0          0          0          0          0   __scatter_zi.o
        22          0          0          0          0        100   _rserrno.o
         8          0          0          0          0         68   abs.o
        18          0          0          0          0         80   exit.o
         6          0          0          0          0        152   heapauxi.o
         0          0          0          0          0          0   indicate_semi.o
         2          0          0          0          0          0   libinit.o
         2          0          0          0          0          0   libinit2.o
         2          0          0          0          0          0   libshutdown.o
         2          0          0          0          0          0   libshutdown2.o
         8          4          0          0         96         68   libspace.o
         8          4          0          0          0         68   rt_errno_addr_intlibspace.o
         2          0          0          0          0          0   rtexit.o
        10          0          0          0          0          0   rtexit2.o
        12          4          0          0          0         68   sys_exit.o
        74          0          0          0          0         80   sys_stackheap_outer.o
         2          0          0          0          0         68   use_no_semi.o
        98          4          0          0          0         92   d2f.o
       834         16          0          0          0        372   daddsub_clz.o
        16          4          0          0          0         68   dcheck1.o
        24          0          0          0          0         68   dcmpi.o
       692        140          0          0          0        216   ddiv.o
        84          0          0          0          0        136   dflt_clz.o
       120          4          0          0          0         92   dleqf.o
       340         12          0          0          0        104   dmul.o
       156          4          0          0          0         92   dnaninf.o
        12          0          0          0          0         68   dretinf.o
       108          0          0          0          0         80   drleqf.o
       460         56          0          0          0        120   dsqrt_noumaal.o
        86          4          0          0          0         84   f2d.o
       430          8          0          0          0        168   faddsub_clz.o
        48          0          0          0          0         68   fflt_clz.o
       258          4          0          0          0         84   fmul.o
       140          4          0          0          0         84   fnaninf.o
        10          0          0          0          0         68   fretinf.o
       100          0          0          0          0         68   retnan.o
        92          0          0          0          0         68   scalbn.o
        48          0          0          0          0         68   trapv.o
         0          0          0          0          0          0   usenofp.o
        62         10          0          0          0        340   dunder.o
        40          0          0          0          0         68   fpclassify.o
       170          0          0          0          0         96   poly.o
      2540        188        136          0          0        332   pow.o
         0          0          8          0          0          0   qnan.o
        76          0          0          0          0         84   sqrt.o

    ----------------------------------------------------------------------
      7370        478        144          0         96       4008   Library Totals
        16          0          0          0          0          0   (incl. Padding)

    ----------------------------------------------------------------------

      Code (inc. data)   RO Data    RW Data    ZI Data      Debug   Library Name

       310         20          0          0         96        820   c_w.l
      4156        260          0          0          0       2268   fz_ws.l
      2888        198        144          0          0        920   m_ws.l

    ----------------------------------------------------------------------
      7370        478        144          0         96       4008   Library Totals

    ----------------------------------------------------------------------

==============================================================================


      Code (inc. data)   RO Data    RW Data    ZI Data      Debug   

     12724        504        428          4       4128      31503   Grand Totals
     12724        504        428          4       4128      31503   ELF Image Totals
     12724        504        428          4          0          0   ROM Totals

==============================================================================

    Total RO  Size (Code + RO Data)                13152 (  12.84kB)
    Total RW  Size (RW Data + ZI Data)              4132 (   4.04kB)
    Total ROM Size (Code + RO Data + RW Data)      13156 (  12.85kB)

==============================================================================

